Archive member included to satisfy reference by file (symbol)

/usr/bin/../lib/gcc/arm-none-eabi/7.3.1/../../../../arm-none-eabi/lib/thumb/v7e-m/fpv4-sp/hard/libc.a(lib_a-exit.o)
                              /usr/bin/../lib/gcc/arm-none-eabi/7.3.1/../../../../arm-none-eabi/lib/thumb/v7e-m/fpv4-sp/hard/crt0.o (exit)
/usr/bin/../lib/gcc/arm-none-eabi/7.3.1/../../../../arm-none-eabi/lib/thumb/v7e-m/fpv4-sp/hard/libc.a(lib_a-impure.o)
                              /usr/bin/../lib/gcc/arm-none-eabi/7.3.1/../../../../arm-none-eabi/lib/thumb/v7e-m/fpv4-sp/hard/libc.a(lib_a-exit.o) (_global_impure_ptr)
/usr/bin/../lib/gcc/arm-none-eabi/7.3.1/../../../../arm-none-eabi/lib/thumb/v7e-m/fpv4-sp/hard/libc.a(lib_a-init.o)
                              /usr/bin/../lib/gcc/arm-none-eabi/7.3.1/../../../../arm-none-eabi/lib/thumb/v7e-m/fpv4-sp/hard/crt0.o (__libc_init_array)
/usr/bin/../lib/gcc/arm-none-eabi/7.3.1/../../../../arm-none-eabi/lib/thumb/v7e-m/fpv4-sp/hard/libc.a(lib_a-locale.o)
                              _build/nrf_log_str_formatter.o (__locale_ctype_ptr)
/usr/bin/../lib/gcc/arm-none-eabi/7.3.1/../../../../arm-none-eabi/lib/thumb/v7e-m/fpv4-sp/hard/libc.a(lib_a-mbtowc_r.o)
                              /usr/bin/../lib/gcc/arm-none-eabi/7.3.1/../../../../arm-none-eabi/lib/thumb/v7e-m/fpv4-sp/hard/libc.a(lib_a-locale.o) (__ascii_mbtowc)
/usr/bin/../lib/gcc/arm-none-eabi/7.3.1/../../../../arm-none-eabi/lib/thumb/v7e-m/fpv4-sp/hard/libc.a(lib_a-memcpy.o)
                              _build/kobukiActuator.o (memcpy)
/usr/bin/../lib/gcc/arm-none-eabi/7.3.1/../../../../arm-none-eabi/lib/thumb/v7e-m/fpv4-sp/hard/libc.a(lib_a-memset.o)
                              /usr/bin/../lib/gcc/arm-none-eabi/7.3.1/../../../../arm-none-eabi/lib/thumb/v7e-m/fpv4-sp/hard/crt0.o (memset)
/usr/bin/../lib/gcc/arm-none-eabi/7.3.1/../../../../arm-none-eabi/lib/thumb/v7e-m/fpv4-sp/hard/libc.a(lib_a-printf.o)
                              _build/better_error_handling.o (printf)
/usr/bin/../lib/gcc/arm-none-eabi/7.3.1/../../../../arm-none-eabi/lib/thumb/v7e-m/fpv4-sp/hard/libc.a(lib_a-puts.o)
                              _build/main.o (puts)
/usr/bin/../lib/gcc/arm-none-eabi/7.3.1/../../../../arm-none-eabi/lib/thumb/v7e-m/fpv4-sp/hard/libc.a(lib_a-setbuf.o)
                              _build/before_startup.o (setbuf)
/usr/bin/../lib/gcc/arm-none-eabi/7.3.1/../../../../arm-none-eabi/lib/thumb/v7e-m/fpv4-sp/hard/libc.a(lib_a-setvbuf.o)
                              /usr/bin/../lib/gcc/arm-none-eabi/7.3.1/../../../../arm-none-eabi/lib/thumb/v7e-m/fpv4-sp/hard/libc.a(lib_a-setbuf.o) (setvbuf)
/usr/bin/../lib/gcc/arm-none-eabi/7.3.1/../../../../arm-none-eabi/lib/thumb/v7e-m/fpv4-sp/hard/libc.a(lib_a-strcmp.o)
                              /usr/bin/../lib/gcc/arm-none-eabi/7.3.1/../../../../arm-none-eabi/lib/thumb/v7e-m/fpv4-sp/hard/libc.a(lib_a-locale.o) (strcmp)
/usr/bin/../lib/gcc/arm-none-eabi/7.3.1/../../../../arm-none-eabi/lib/thumb/v7e-m/fpv4-sp/hard/libc.a(lib_a-strcpy.o)
                              _build/SEGGER_RTT.o (strcpy)
/usr/bin/../lib/gcc/arm-none-eabi/7.3.1/../../../../arm-none-eabi/lib/thumb/v7e-m/fpv4-sp/hard/libc.a(lib_a-strlen.o)
                              _build/display.o (strlen)
/usr/bin/../lib/gcc/arm-none-eabi/7.3.1/../../../../arm-none-eabi/lib/thumb/v7e-m/fpv4-sp/hard/libc.a(lib_a-vfprintf.o)
                              /usr/bin/../lib/gcc/arm-none-eabi/7.3.1/../../../../arm-none-eabi/lib/thumb/v7e-m/fpv4-sp/hard/libc.a(lib_a-printf.o) (_vfprintf_r)
/usr/bin/../lib/gcc/arm-none-eabi/7.3.1/../../../../arm-none-eabi/lib/thumb/v7e-m/fpv4-sp/hard/libc.a(lib_a-vsnprintf.o)
                              _build/simple_logger.o (vsnprintf)
/usr/bin/../lib/gcc/arm-none-eabi/7.3.1/../../../../arm-none-eabi/lib/thumb/v7e-m/fpv4-sp/hard/libc.a(lib_a-wctomb_r.o)
                              /usr/bin/../lib/gcc/arm-none-eabi/7.3.1/../../../../arm-none-eabi/lib/thumb/v7e-m/fpv4-sp/hard/libc.a(lib_a-locale.o) (__ascii_wctomb)
/usr/bin/../lib/gcc/arm-none-eabi/7.3.1/../../../../arm-none-eabi/lib/thumb/v7e-m/fpv4-sp/hard/libc.a(lib_a-wsetup.o)
                              /usr/bin/../lib/gcc/arm-none-eabi/7.3.1/../../../../arm-none-eabi/lib/thumb/v7e-m/fpv4-sp/hard/libc.a(lib_a-vfprintf.o) (__swsetup_r)
/usr/bin/../lib/gcc/arm-none-eabi/7.3.1/../../../../arm-none-eabi/lib/thumb/v7e-m/fpv4-sp/hard/libc.a(lib_a-__call_atexit.o)
                              /usr/bin/../lib/gcc/arm-none-eabi/7.3.1/../../../../arm-none-eabi/lib/thumb/v7e-m/fpv4-sp/hard/libc.a(lib_a-exit.o) (__call_exitprocs)
/usr/bin/../lib/gcc/arm-none-eabi/7.3.1/../../../../arm-none-eabi/lib/thumb/v7e-m/fpv4-sp/hard/libc.a(lib_a-atexit.o)
                              /usr/bin/../lib/gcc/arm-none-eabi/7.3.1/../../../../arm-none-eabi/lib/thumb/v7e-m/fpv4-sp/hard/libc.a(lib_a-__call_atexit.o) (atexit)
/usr/bin/../lib/gcc/arm-none-eabi/7.3.1/../../../../arm-none-eabi/lib/thumb/v7e-m/fpv4-sp/hard/libc.a(lib_a-ctype_.o)
[...]
Memory Configuration

Name             Origin             Length             Attributes
FLASH            0x0000000000000000 0x0000000000080000 xr
RAM              0x0000000020000000 0x0000000000010000 xrw
*default*        0x0000000000000000 0xffffffffffffffff

Linker script and memory map


.text           0x0000000000000000     0x9cb8
 *(.isr_vector)
 .isr_vector    0x0000000000000000      0x200 _build/gcc_startup_nrf52.os
                0x0000000000000000                __isr_vector
 *(.text*)
 .text          0x0000000000000200       0x40 /usr/bin/../lib/gcc/arm-none-eabi/7.3.1/thumb/v7e-m/fpv4-sp/hard/crtbegin.o
 .text          0x0000000000000240       0x74 /usr/bin/../lib/gcc/arm-none-eabi/7.3.1/../../../../arm-none-eabi/lib/thumb/v7e-m/fpv4-sp/hard/crt0.o
                0x0000000000000240                _mainCRTStartup
                0x0000000000000240                _start
 .text.gpio_config
                0x00000000000002b4       0x30 _build/gpio.o
                0x00000000000002b4                gpio_config
 .text.gpio_set
                0x00000000000002e4       0x1c _build/gpio.o
                0x00000000000002e4                gpio_set
 .text.gpio_clear
                0x0000000000000300       0x1c _build/gpio.o
                0x0000000000000300                gpio_clear
 .text.gpio_read
                0x000000000000031c       0x18 _build/gpio.o
                0x000000000000031c                gpio_read
 .text.startup.main
                0x0000000000000334       0x94 _build/main.o
                0x0000000000000334                main
 .text.nrf_delay_ms.part.0
                0x00000000000003c8       0x1c _build/better_error_handling.o
 .text.app_error_fault_handler
                0x00000000000003e4      0x104 _build/better_error_handling.o
                0x00000000000003e4                app_error_fault_handler
 .text.HardFault_process
                0x00000000000004e8       0x9a _build/better_error_handling.o
                0x00000000000004e8                HardFault_process
 .text.app_error_handler
                0x0000000000000582       0x1a _build/app_error_handler_gcc.o
                0x0000000000000582                app_error_handler
 .text.nrfx_coredep_delay_us.constprop.3
                0x000000000000059c       0x10 _build/app_timer.o
 .text.RTC1_IRQHandler
                0x00000000000005ac       0x9c _build/app_timer.o
                0x00000000000005ac                RTC1_IRQHandler
 .text.SWI0_EGU0_IRQHandler
                0x0000000000000648      0x2a4 _build/app_timer.o
                0x0000000000000648                SWI0_EGU0_IRQHandler
 .text.app_util_disable_irq
                0x00000000000008ec       0x10 _build/app_util_platform.o
                0x00000000000008ec                app_util_disable_irq
 .text.app_util_enable_irq
                0x00000000000008fc       0x14 _build/app_util_platform.o
                0x00000000000008fc                app_util_enable_irq
 .text.privilege_level_get
                0x0000000000000910       0x1a _build/app_util_platform.o
                0x0000000000000910                privilege_level_get
 *fill*         0x000000000000092a        0x2 
 .text.app_util_critical_region_enter
                0x000000000000092c       0x20 _build/app_util_platform.o
                0x000000000000092c                app_util_critical_region_enter
 .text.app_util_critical_region_exit
                0x000000000000094c       0x20 _build/app_util_platform.o
                0x000000000000094c                app_util_critical_region_exit
 .text.startup.called_first
                0x000000000000096c       0x10 _build/before_startup.o
                0x000000000000096c                called_first
 .text.HardFault_Handler
                0x000000000000097c       0x34 _build/hardfault_handler_gcc.o
                0x000000000000097c                HardFault_Handler
 .text.HardFault_c_handler
                0x00000000000009b0      0x10c _build/hardfault_implementation.o
                0x00000000000009b0                HardFault_c_handler
 .text.assert_nrf_callback
                0x0000000000000abc       0x1a _build/nrf_assert.o
                0x0000000000000abc                assert_nrf_callback
 .text.nrf_atomic_u32_fetch_store
                0x0000000000000ad6       0x14 _build/nrf_atomic.o
                0x0000000000000ad6                nrf_atomic_u32_fetch_store
 .text.nrf_atomic_u32_or
                0x0000000000000aea       0x16 _build/nrf_atomic.o
                0x0000000000000aea                nrf_atomic_u32_or
 .text.nrf_atomic_u32_fetch_and
                0x0000000000000b00       0x16 _build/nrf_atomic.o
                0x0000000000000b00                nrf_atomic_u32_fetch_and
 .text.nrf_atomic_u32_add
                0x0000000000000b16       0x16 _build/nrf_atomic.o
                0x0000000000000b16                nrf_atomic_u32_add
 .text.nrf_atomic_u32_sub
                0x0000000000000b2c       0x16 _build/nrf_atomic.o
                0x0000000000000b2c                nrf_atomic_u32_sub
 .text.nrf_atomic_flag_set
                0x0000000000000b42        0x6 _build/nrf_atomic.o
                0x0000000000000b42                nrf_atomic_flag_set
 .text.nrf_atomic_flag_clear_fetch
                0x0000000000000b48        0x6 _build/nrf_atomic.o
                0x0000000000000b48                nrf_atomic_flag_clear_fetch
 *fill*         0x0000000000000b4e        0x2 
 .text.nrf_balloc_init
                0x0000000000000b50       0x7c _build/nrf_balloc.o
                0x0000000000000b50                nrf_balloc_init
 .text.nrf_balloc_alloc
                0x0000000000000bcc       0x50 _build/nrf_balloc.o
                0x0000000000000bcc                nrf_balloc_alloc
 .text.nrf_balloc_free
                0x0000000000000c1c       0x48 _build/nrf_balloc.o
                0x0000000000000c1c                nrf_balloc_free
 .text.nrf_fprintf_buffer_flush
                0x0000000000000c64       0x24 _build/nrf_fprintf.o
                0x0000000000000c64                nrf_fprintf_buffer_flush
 .text.nrf_fprintf
                0x0000000000000c88       0x58 _build/nrf_fprintf.o
                0x0000000000000c88                nrf_fprintf
 .text.buffer_add
                0x0000000000000ce0       0x1e _build/nrf_fprintf_format.o
 *fill*         0x0000000000000cfe        0x2 
 .text.unsigned_print
                0x0000000000000d00       0xac _build/nrf_fprintf_format.o
 .text.nrf_fprintf_fmt
                0x0000000000000dac      0x2c4 _build/nrf_fprintf_format.o
                0x0000000000000dac                nrf_fprintf_fmt
 .text.nrf_log_backend_rtt_flush
                0x0000000000001070        0x2 _build/nrf_log_backend_rtt.o
 *fill*         0x0000000000001072        0x2 
 .text.nrf_log_backend_rtt_put
                0x0000000000001074       0x1c _build/nrf_log_backend_rtt.o
 .text.serial_tx
                0x0000000000001090       0x50 _build/nrf_log_backend_rtt.o
 .text.nrf_log_backend_rtt_panic_set
                0x00000000000010e0        0x2 _build/nrf_log_backend_rtt.o
 .text.nrf_log_backend_rtt_init
                0x00000000000010e2        0x4 _build/nrf_log_backend_rtt.o
                0x00000000000010e2                nrf_log_backend_rtt_init
 .text.nrf_log_backend_serial_put
                0x00000000000010e6       0xcc _build/nrf_log_backend_serial.o
                0x00000000000010e6                nrf_log_backend_serial_put
 *fill*         0x00000000000011b2        0x2 
 .text.nrf_log_default_backends_init
                0x00000000000011b4       0x2c _build/nrf_log_default_backends.o
                0x00000000000011b4                nrf_log_default_backends_init
 .text.invalid_packets_pushed_str_omit
                0x00000000000011e0       0x60 _build/nrf_log_frontend.o
 .text.buf_prealloc
                0x0000000000001240      0x130 _build/nrf_log_frontend.o
 .text.nrf_log_init
                0x0000000000001370       0x54 _build/nrf_log_frontend.o
                0x0000000000001370                nrf_log_init
 .text.nrf_log_module_name_get
                0x00000000000013c4       0x3c _build/nrf_log_frontend.o
                0x00000000000013c4                nrf_log_module_name_get
 .text.nrf_log_color_id_get
                0x0000000000001400       0x2c _build/nrf_log_frontend.o
                0x0000000000001400                nrf_log_color_id_get
 .text.buffer_is_empty
                0x000000000000142c       0x14 _build/nrf_log_frontend.o
                0x000000000000142c                buffer_is_empty
 .text.nrf_log_frontend_dequeue
                0x0000000000001440      0x210 _build/nrf_log_frontend.o
                0x0000000000001440                nrf_log_frontend_dequeue
 .text.std_n    0x0000000000001650       0xd8 _build/nrf_log_frontend.o
 .text.nrf_log_frontend_std_0
                0x0000000000001728        0x8 _build/nrf_log_frontend.o
                0x0000000000001728                nrf_log_frontend_std_0
 .text.nrf_log_frontend_std_1
                0x0000000000001730       0x14 _build/nrf_log_frontend.o
                0x0000000000001730                nrf_log_frontend_std_1
 .text.nrf_log_frontend_std_3
                0x0000000000001744       0x18 _build/nrf_log_frontend.o
                0x0000000000001744                nrf_log_frontend_std_3
 .text.nrf_log_frontend_std_4
                0x000000000000175c       0x1c _build/nrf_log_frontend.o
                0x000000000000175c                nrf_log_frontend_std_4
 .text.nrf_log_backend_add
                0x0000000000001778       0x44 _build/nrf_log_frontend.o
                0x0000000000001778                nrf_log_backend_add
 .text.nrf_log_panic
                0x00000000000017bc       0x28 _build/nrf_log_frontend.o
                0x00000000000017bc                nrf_log_panic
 .text.postfix_process
                0x00000000000017e4       0x3c _build/nrf_log_str_formatter.o
 .text.prefix_process
                0x0000000000001820       0x78 _build/nrf_log_str_formatter.o
 .text.nrf_log_std_entry_process
                0x0000000000001898       0xc8 _build/nrf_log_str_formatter.o
                0x0000000000001898                nrf_log_std_entry_process
 .text.nrf_log_hexdump_entry_process
                0x0000000000001960       0xb0 _build/nrf_log_str_formatter.o
                0x0000000000001960                nrf_log_hexdump_entry_process
 .text.memobj_op
                0x0000000000001a10       0x84 _build/nrf_memobj.o
 .text.nrf_memobj_pool_init
                0x0000000000001a94        0x4 _build/nrf_memobj.o
                0x0000000000001a94                nrf_memobj_pool_init
 .text.nrf_memobj_free
                0x0000000000001a98       0x2c _build/nrf_memobj.o
                0x0000000000001a98                nrf_memobj_free
 .text.nrf_memobj_alloc
                0x0000000000001ac4       0x5e _build/nrf_memobj.o
                0x0000000000001ac4                nrf_memobj_alloc
 .text.nrf_memobj_get
                0x0000000000001b22        0x8 _build/nrf_memobj.o
                0x0000000000001b22                nrf_memobj_get
 .text.nrf_memobj_put
                0x0000000000001b2a       0x1e _build/nrf_memobj.o
                0x0000000000001b2a                nrf_memobj_put
 .text.nrf_memobj_write
                0x0000000000001b48        0xe _build/nrf_memobj.o
                0x0000000000001b48                nrf_memobj_write
 .text.nrf_memobj_read
                0x0000000000001b56        0xe _build/nrf_memobj.o
                0x0000000000001b56                nrf_memobj_read
 .text.nrf_strerror_find
                0x0000000000001b64       0x3c _build/nrf_strerror.o
                0x0000000000001b64                nrf_strerror_find
 .text.nrf_strerror_get
                0x0000000000001ba0       0x14 _build/nrf_strerror.o
                0x0000000000001ba0                nrf_strerror_get
 .text.nrf_gpiote_event_clear
                0x0000000000001bb4       0x18 _build/nrfx_gpiote.o
 .text.channel_free
                0x0000000000001bcc       0x1c _build/nrfx_gpiote.o
 .text.nrf_gpio_pin_port_decode.isra.0.part.1
                0x0000000000001be8       0x10 _build/nrfx_gpiote.o
 .text.nrf_gpio_cfg_sense_set
                0x0000000000001bf8       0x2e _build/nrfx_gpiote.o
 *fill*         0x0000000000001c26        0x2 
 .text.nrfx_gpiote_init
                0x0000000000001c28       0x68 _build/nrfx_gpiote.o
                0x0000000000001c28                nrfx_gpiote_init
 .text.nrfx_gpiote_is_init
                0x0000000000001c90       0x14 _build/nrfx_gpiote.o
                0x0000000000001c90                nrfx_gpiote_is_init
 .text.nrfx_gpiote_out_init
                0x0000000000001ca4      0x11c _build/nrfx_gpiote.o
                0x0000000000001ca4                nrfx_gpiote_out_init
 .text.nrfx_gpiote_out_set
                0x0000000000001dc0       0x5c _build/nrfx_gpiote.o
                0x0000000000001dc0                nrfx_gpiote_out_set
 .text.nrfx_gpiote_out_clear
                0x0000000000001e1c       0x5c _build/nrfx_gpiote.o
                0x0000000000001e1c                nrfx_gpiote_out_clear
 .text.GPIOTE_IRQHandler
                0x0000000000001e78      0x18c _build/nrfx_gpiote.o
                0x0000000000001e78                GPIOTE_IRQHandler
 .text.UARTE0_UART0_IRQHandler
                0x0000000000002004       0x20 _build/nrfx_prs.o
                0x0000000000002004                UARTE0_UART0_IRQHandler
 .text.nrf_saadc_event_clear
                0x0000000000002024       0x18 _build/nrfx_saadc.o
 .text.SAADC_IRQHandler
                0x000000000000203c      0x164 _build/nrfx_saadc.o
                0x000000000000203c                SAADC_IRQHandler
 .text.nrf_gpio_pin_port_decode.isra.0.part.1
                0x00000000000021a0       0x10 _build/nrfx_spim.o
 .text.nrf_gpio_pin_clear
                0x00000000000021b0       0x1c _build/nrfx_spim.o
 .text.nrf_gpio_pin_set
                0x00000000000021cc       0x1c _build/nrfx_spim.o
 .text.SPIM1_SPIS1_TWIM1_TWIS1_SPI1_TWI1_IRQHandler
                0x00000000000021e8       0x64 _build/nrfx_spim.o
                0x00000000000021e8                SPIM1_SPIS1_TWIM1_TWIS1_SPI1_TWI1_IRQHandler
 .text.irq_handler.constprop.0
                0x000000000000224c       0x4c _build/nrfx_timer.o
 .text.TIMER0_IRQHandler
                0x0000000000002298       0x10 _build/nrfx_timer.o
                0x0000000000002298                TIMER0_IRQHandler
 .text.TIMER1_IRQHandler
                0x00000000000022a8       0x10 _build/nrfx_timer.o
                0x00000000000022a8                TIMER1_IRQHandler
 .text.nrf_twim_event_clear
                0x00000000000022b8       0x10 _build/nrfx_twim.o
 .text.SPIM0_SPIS0_TWIM0_TWIS0_SPI0_TWI0_IRQHandler
                0x00000000000022c8      0x158 _build/nrfx_twim.o
                0x00000000000022c8                SPIM0_SPIS0_TWIM0_TWIS0_SPI0_TWI0_IRQHandler
 .text._GetAvailWriteSpace
                0x0000000000002420       0x1c _build/SEGGER_RTT.o
 .text._WriteNoCheck
                0x000000000000243c       0x3a _build/SEGGER_RTT.o
 .text._WriteBlocking
                0x0000000000002476       0x52 _build/SEGGER_RTT.o
 .text._DoInit  0x00000000000024c8       0x60 _build/SEGGER_RTT.o
 .text.SEGGER_RTT_WriteNoLock
                0x0000000000002528       0x68 _build/SEGGER_RTT.o
                0x0000000000002528                SEGGER_RTT_WriteNoLock
 .text.SEGGER_RTT_Write
                0x0000000000002590       0x34 _build/SEGGER_RTT.o
                0x0000000000002590                SEGGER_RTT_Write
 .text.SEGGER_RTT_Init
                0x00000000000025c4        0x4 _build/SEGGER_RTT.o
                0x00000000000025c4                SEGGER_RTT_Init
 .text._write_r
                0x00000000000025c8       0x12 _build/SEGGER_RTT_Syscalls_GCC.o
                0x00000000000025c8                _write_r
 *fill*         0x00000000000025da        0x2 
 .text.errata_12
                0x00000000000025dc       0x40 _build/system_nrf52.o
 .text.errata_16
                0x000000000000261c       0x34 _build/system_nrf52.o
 .text.SystemInit
                0x0000000000002650      0x25c _build/system_nrf52.o
                0x0000000000002650                SystemInit
 .text          0x00000000000028ac       0x3c _build/gcc_startup_nrf52.os
                0x00000000000028ac                Reset_Handler
                0x00000000000028d4                NMI_Handler
                0x00000000000028d8                MemoryManagement_Handler
                0x00000000000028da                BusFault_Handler
                0x00000000000028dc                UsageFault_Handler
                0x00000000000028de                SVC_Handler
                0x00000000000028e0                DebugMon_Handler
                0x00000000000028e2                PendSV_Handler
                0x00000000000028e4                SysTick_Handler
                0x00000000000028e6                TIMER2_IRQHandler
                0x00000000000028e6                RTC0_IRQHandler
                0x00000000000028e6                SWI2_EGU2_IRQHandler
                0x00000000000028e6                PWM1_IRQHandler
                0x00000000000028e6                POWER_CLOCK_IRQHandler
                0x00000000000028e6                RADIO_IRQHandler
                0x00000000000028e6                PDM_IRQHandler
                0x00000000000028e6                TEMP_IRQHandler
                0x00000000000028e6                QDEC_IRQHandler
                0x00000000000028e6                TIMER3_IRQHandler
                0x00000000000028e6                FPU_IRQHandler
                0x00000000000028e6                TIMER4_IRQHandler
                0x00000000000028e6                I2S_IRQHandler
                0x00000000000028e6                SWI4_EGU4_IRQHandler
                0x00000000000028e6                PWM2_IRQHandler
                0x00000000000028e6                ECB_IRQHandler
                0x00000000000028e6                Default_Handler
                0x00000000000028e6                CCM_AAR_IRQHandler
                0x00000000000028e6                WDT_IRQHandler
                0x00000000000028e6                SWI5_EGU5_IRQHandler
                0x00000000000028e6                RNG_IRQHandler
                0x00000000000028e6                RTC2_IRQHandler
                0x00000000000028e6                PWM0_IRQHandler
                0x00000000000028e6                SWI3_EGU3_IRQHandler
                0x00000000000028e6                SWI1_EGU1_IRQHandler
                0x00000000000028e6                SPIM2_SPIS2_SPI2_IRQHandler
                0x00000000000028e6                NFCT_IRQHandler
                0x00000000000028e6                MWU_IRQHandler
                0x00000000000028e6                COMP_LPCOMP_IRQHandler
 .text.exit     0x00000000000028e8       0x20 /usr/bin/../lib/gcc/arm-none-eabi/7.3.1/../../../../arm-none-eabi/lib/thumb/v7e-m/fpv4-sp/hard/libc.a(lib_a-exit.o)
                0x00000000000028e8                exit
 .text.__libc_init_array
                0x0000000000002908       0x48 /usr/bin/../lib/gcc/arm-none-eabi/7.3.1/../../../../arm-none-eabi/lib/thumb/v7e-m/fpv4-sp/hard/libc.a(lib_a-init.o)
                0x0000000000002908                __libc_init_array
 .text.__locale_mb_cur_max
                0x0000000000002950       0x1c /usr/bin/../lib/gcc/arm-none-eabi/7.3.1/../../../../arm-none-eabi/lib/thumb/v7e-m/fpv4-sp/hard/libc.a(lib_a-locale.o)
                0x0000000000002950                __locale_mb_cur_max
 .text.__locale_ctype_ptr
                0x000000000000296c       0x1c /usr/bin/../lib/gcc/arm-none-eabi/7.3.1/../../../../arm-none-eabi/lib/thumb/v7e-m/fpv4-sp/hard/libc.a(lib_a-locale.o)
                0x000000000000296c                __locale_ctype_ptr
 .text.__ascii_mbtowc
                0x0000000000002988       0x2c /usr/bin/../lib/gcc/arm-none-eabi/7.3.1/../../../../arm-none-eabi/lib/thumb/v7e-m/fpv4-sp/hard/libc.a(lib_a-mbtowc_r.o)
                0x0000000000002988                __ascii_mbtowc
 .text          0x00000000000029b4      0x134 /usr/bin/../lib/gcc/arm-none-eabi/7.3.1/../../../../arm-none-eabi/lib/thumb/v7e-m/fpv4-sp/hard/libc.a(lib_a-memcpy.o)
                0x00000000000029b4                memcpy
 .text.memset   0x0000000000002ae8       0x94 /usr/bin/../lib/gcc/arm-none-eabi/7.3.1/../../../../arm-none-eabi/lib/thumb/v7e-m/fpv4-sp/hard/libc.a(lib_a-memset.o)
                0x0000000000002ae8                memset
 .text.printf   0x0000000000002b7c       0x28 /usr/bin/../lib/gcc/arm-none-eabi/7.3.1/../../../../arm-none-eabi/lib/thumb/v7e-m/fpv4-sp/hard/libc.a(lib_a-printf.o)
                0x0000000000002b7c                printf
 .text._puts_r  0x0000000000002ba4       0x9c /usr/bin/../lib/gcc/arm-none-eabi/7.3.1/../../../../arm-none-eabi/lib/thumb/v7e-m/fpv4-sp/hard/libc.a(lib_a-puts.o)
                0x0000000000002ba4                _puts_r
 .text.puts     0x0000000000002c40       0x10 /usr/bin/../lib/gcc/arm-none-eabi/7.3.1/../../../../arm-none-eabi/lib/thumb/v7e-m/fpv4-sp/hard/libc.a(lib_a-puts.o)
                0x0000000000002c40                puts
 .text.setbuf   0x0000000000002c50       0x10 /usr/bin/../lib/gcc/arm-none-eabi/7.3.1/../../../../arm-none-eabi/lib/thumb/v7e-m/fpv4-sp/hard/libc.a(lib_a-setbuf.o)
                0x0000000000002c50                setbuf
 .text.setvbuf  0x0000000000002c60      0x180 /usr/bin/../lib/gcc/arm-none-eabi/7.3.1/../../../../arm-none-eabi/lib/thumb/v7e-m/fpv4-sp/hard/libc.a(lib_a-setvbuf.o)
                0x0000000000002c60                setvbuf
 .text.strcpy   0x0000000000002de0       0xbc /usr/bin/../lib/gcc/arm-none-eabi/7.3.1/../../../../arm-none-eabi/lib/thumb/v7e-m/fpv4-sp/hard/libc.a(lib_a-strcpy.o)
                0x0000000000002de0                strcpy
 *fill*         0x0000000000002e9c       0x24 
 .text          0x0000000000002ec0       0xdc /usr/bin/../lib/gcc/arm-none-eabi/7.3.1/../../../../arm-none-eabi/lib/thumb/v7e-m/fpv4-sp/hard/libc.a(lib_a-strlen.o)
                0x0000000000002ec0                strlen
 *fill*         0x0000000000002f9c        0x4 
 .text._vfprintf_r
                0x0000000000002fa0     0x1a7c /usr/bin/../lib/gcc/arm-none-eabi/7.3.1/../../../../arm-none-eabi/lib/thumb/v7e-m/fpv4-sp/hard/libc.a(lib_a-vfprintf.o)
                0x0000000000002fa0                _vfprintf_r
 .text.__sbprintf
                0x0000000000004a1c       0x84 /usr/bin/../lib/gcc/arm-none-eabi/7.3.1/../../../../arm-none-eabi/lib/thumb/v7e-m/fpv4-sp/hard/libc.a(lib_a-vfprintf.o)
 .text.__ascii_wctomb
                0x0000000000004aa0       0x1c /usr/bin/../lib/gcc/arm-none-eabi/7.3.1/../../../../arm-none-eabi/lib/thumb/v7e-m/fpv4-sp/hard/libc.a(lib_a-wctomb_r.o)
                0x0000000000004aa0                __ascii_wctomb
 .text.__swsetup_r
                0x0000000000004abc       0xcc /usr/bin/../lib/gcc/arm-none-eabi/7.3.1/../../../../arm-none-eabi/lib/thumb/v7e-m/fpv4-sp/hard/libc.a(lib_a-wsetup.o)
                0x0000000000004abc                __swsetup_r
 .text.startup.register_fini
                0x0000000000004b88       0x14 /usr/bin/../lib/gcc/arm-none-eabi/7.3.1/../../../../arm-none-eabi/lib/thumb/v7e-m/fpv4-sp/hard/libc.a(lib_a-__call_atexit.o)
 .text.__call_exitprocs
                0x0000000000004b9c       0xe8 /usr/bin/../lib/gcc/arm-none-eabi/7.3.1/../../../../arm-none-eabi/lib/thumb/v7e-m/fpv4-sp/hard/libc.a(lib_a-__call_atexit.o)
                0x0000000000004b9c                __call_exitprocs
 .text.atexit   0x0000000000004c84        0xc /usr/bin/../lib/gcc/arm-none-eabi/7.3.1/../../../../arm-none-eabi/lib/thumb/v7e-m/fpv4-sp/hard/libc.a(lib_a-atexit.o)
                0x0000000000004c84                atexit
 .text.quorem   0x0000000000004c90      0x124 /usr/bin/../lib/gcc/arm-none-eabi/7.3.1/../../../../arm-none-eabi/lib/thumb/v7e-m/fpv4-sp/hard/libc.a(lib_a-dtoa.o)
 *fill*         0x0000000000004db4        0x4 
 .text._dtoa_r  0x0000000000004db8      0xe20 /usr/bin/../lib/gcc/arm-none-eabi/7.3.1/../../../../arm-none-eabi/lib/thumb/v7e-m/fpv4-sp/hard/libc.a(lib_a-dtoa.o)
                0x0000000000004db8                _dtoa_r
 .text.__sflush_r
                0x0000000000005bd8      0x154 /usr/bin/../lib/gcc/arm-none-eabi/7.3.1/../../../../arm-none-eabi/lib/thumb/v7e-m/fpv4-sp/hard/libc.a(lib_a-fflush.o)
                0x0000000000005bd8                __sflush_r
 .text._fflush_r
                0x0000000000005d2c       0x5c /usr/bin/../lib/gcc/arm-none-eabi/7.3.1/../../../../arm-none-eabi/lib/thumb/v7e-m/fpv4-sp/hard/libc.a(lib_a-fflush.o)
                0x0000000000005d2c                _fflush_r
 .text.std      0x0000000000005d88       0x50 /usr/bin/../lib/gcc/arm-none-eabi/7.3.1/../../../../arm-none-eabi/lib/thumb/v7e-m/fpv4-sp/hard/libc.a(lib_a-findfp.o)
 .text._cleanup_r
                0x0000000000005dd8        0xc /usr/bin/../lib/gcc/arm-none-eabi/7.3.1/../../../../arm-none-eabi/lib/thumb/v7e-m/fpv4-sp/hard/libc.a(lib_a-findfp.o)
                0x0000000000005dd8                _cleanup_r
 .text.__sinit  0x0000000000005de4       0x58 /usr/bin/../lib/gcc/arm-none-eabi/7.3.1/../../../../arm-none-eabi/lib/thumb/v7e-m/fpv4-sp/hard/libc.a(lib_a-findfp.o)
                0x0000000000005de4                __sinit
 .text.__sfp_lock_acquire
                0x0000000000005e3c        0xc /usr/bin/../lib/gcc/arm-none-eabi/7.3.1/../../../../arm-none-eabi/lib/thumb/v7e-m/fpv4-sp/hard/libc.a(lib_a-findfp.o)
                0x0000000000005e3c                __sfp_lock_acquire
 .text.__sfp_lock_release
                0x0000000000005e48        0xc /usr/bin/../lib/gcc/arm-none-eabi/7.3.1/../../../../arm-none-eabi/lib/thumb/v7e-m/fpv4-sp/hard/libc.a(lib_a-findfp.o)
                0x0000000000005e48                __sfp_lock_release
 .text.__libc_fini_array
                0x0000000000005e54       0x34 /usr/bin/../lib/gcc/arm-none-eabi/7.3.1/../../../../arm-none-eabi/lib/thumb/v7e-m/fpv4-sp/hard/libc.a(lib_a-fini.o)
                0x0000000000005e54                __libc_fini_array
 .text._malloc_trim_r
                0x0000000000005e88       0xa0 /usr/bin/../lib/gcc/arm-none-eabi/7.3.1/../../../../arm-none-eabi/lib/thumb/v7e-m/fpv4-sp/hard/libc.a(lib_a-freer.o)
                0x0000000000005e88                _malloc_trim_r
 .text._free_r  0x0000000000005f28      0x1e8 /usr/bin/../lib/gcc/arm-none-eabi/7.3.1/../../../../arm-none-eabi/lib/thumb/v7e-m/fpv4-sp/hard/libc.a(lib_a-freer.o)
                0x0000000000005f28                _free_r
 .text.__sfvwrite_r
                0x0000000000006110      0x2fc /usr/bin/../lib/gcc/arm-none-eabi/7.3.1/../../../../arm-none-eabi/lib/thumb/v7e-m/fpv4-sp/hard/libc.a(lib_a-fvwrite.o)
                0x0000000000006110                __sfvwrite_r
 .text._fwalk_reent
                0x000000000000640c       0x54 /usr/bin/../lib/gcc/arm-none-eabi/7.3.1/../../../../arm-none-eabi/lib/thumb/v7e-m/fpv4-sp/hard/libc.a(lib_a-fwalk.o)
                0x000000000000640c                _fwalk_reent
 .text._localeconv_r
                0x0000000000006460       0x1c /usr/bin/../lib/gcc/arm-none-eabi/7.3.1/../../../../arm-none-eabi/lib/thumb/v7e-m/fpv4-sp/hard/libc.a(lib_a-localeconv.o)
                0x0000000000006460                _localeconv_r
 .text.__retarget_lock_init_recursive
                0x000000000000647c        0x4 /usr/bin/../lib/gcc/arm-none-eabi/7.3.1/../../../../arm-none-eabi/lib/thumb/v7e-m/fpv4-sp/hard/libc.a(lib_a-lock.o)
                0x000000000000647c                __retarget_lock_init_recursive
 .text.__retarget_lock_close_recursive
                0x0000000000006480        0x4 /usr/bin/../lib/gcc/arm-none-eabi/7.3.1/../../../../arm-none-eabi/lib/thumb/v7e-m/fpv4-sp/hard/libc.a(lib_a-lock.o)
                0x0000000000006480                __retarget_lock_close_recursive
 .text.__retarget_lock_acquire_recursive
                0x0000000000006484        0x4 /usr/bin/../lib/gcc/arm-none-eabi/7.3.1/../../../../arm-none-eabi/lib/thumb/v7e-m/fpv4-sp/hard/libc.a(lib_a-lock.o)
                0x0000000000006484                __retarget_lock_acquire_recursive
 .text.__retarget_lock_release_recursive
                0x0000000000006488        0x4 /usr/bin/../lib/gcc/arm-none-eabi/7.3.1/../../../../arm-none-eabi/lib/thumb/v7e-m/fpv4-sp/hard/libc.a(lib_a-lock.o)
                0x0000000000006488                __retarget_lock_release_recursive
 .text.__swhatbuf_r
                0x000000000000648c       0x5c /usr/bin/../lib/gcc/arm-none-eabi/7.3.1/../../../../arm-none-eabi/lib/thumb/v7e-m/fpv4-sp/hard/libc.a(lib_a-makebuf.o)
                0x000000000000648c                __swhatbuf_r
 .text.__smakebuf_r
                0x00000000000064e8       0x94 /usr/bin/../lib/gcc/arm-none-eabi/7.3.1/../../../../arm-none-eabi/lib/thumb/v7e-m/fpv4-sp/hard/libc.a(lib_a-makebuf.o)
                0x00000000000064e8                __smakebuf_r
 .text.malloc   0x000000000000657c       0x10 /usr/bin/../lib/gcc/arm-none-eabi/7.3.1/../../../../arm-none-eabi/lib/thumb/v7e-m/fpv4-sp/hard/libc.a(lib_a-malloc.o)
                0x000000000000657c                malloc
 .text.free     0x000000000000658c       0x10 /usr/bin/../lib/gcc/arm-none-eabi/7.3.1/../../../../arm-none-eabi/lib/thumb/v7e-m/fpv4-sp/hard/libc.a(lib_a-malloc.o)
                0x000000000000658c                free
 .text._malloc_r
                0x000000000000659c      0x548 /usr/bin/../lib/gcc/arm-none-eabi/7.3.1/../../../../arm-none-eabi/lib/thumb/v7e-m/fpv4-sp/hard/libc.a(lib_a-mallocr.o)
                0x000000000000659c                _malloc_r
 *fill*         0x0000000000006ae4        0xc 
 .text          0x0000000000006af0       0xa0 /usr/bin/../lib/gcc/arm-none-eabi/7.3.1/../../../../arm-none-eabi/lib/thumb/v7e-m/fpv4-sp/hard/libc.a(lib_a-memchr.o)
                0x0000000000006af0                memchr
 .text.memmove  0x0000000000006b90       0xc8 /usr/bin/../lib/gcc/arm-none-eabi/7.3.1/../../../../arm-none-eabi/lib/thumb/v7e-m/fpv4-sp/hard/libc.a(lib_a-memmove.o)
                0x0000000000006b90                memmove
 .text.__malloc_lock
                0x0000000000006c58        0xc /usr/bin/../lib/gcc/arm-none-eabi/7.3.1/../../../../arm-none-eabi/lib/thumb/v7e-m/fpv4-sp/hard/libc.a(lib_a-mlock.o)
                0x0000000000006c58                __malloc_lock
 .text.__malloc_unlock
                0x0000000000006c64        0xc /usr/bin/../lib/gcc/arm-none-eabi/7.3.1/../../../../arm-none-eabi/lib/thumb/v7e-m/fpv4-sp/hard/libc.a(lib_a-mlock.o)
                0x0000000000006c64                __malloc_unlock
 .text._Balloc  0x0000000000006c70       0x4c /usr/bin/../lib/gcc/arm-none-eabi/7.3.1/../../../../arm-none-eabi/lib/thumb/v7e-m/fpv4-sp/hard/libc.a(lib_a-mprec.o)
                0x0000000000006c70                _Balloc
 .text._Bfree   0x0000000000006cbc       0x14 /usr/bin/../lib/gcc/arm-none-eabi/7.3.1/../../../../arm-none-eabi/lib/thumb/v7e-m/fpv4-sp/hard/libc.a(lib_a-mprec.o)
                0x0000000000006cbc                _Bfree
 .text.__multadd
                0x0000000000006cd0       0x80 /usr/bin/../lib/gcc/arm-none-eabi/7.3.1/../../../../arm-none-eabi/lib/thumb/v7e-m/fpv4-sp/hard/libc.a(lib_a-mprec.o)
                0x0000000000006cd0                __multadd
 .text.__hi0bits
                0x0000000000006d50       0x40 /usr/bin/../lib/gcc/arm-none-eabi/7.3.1/../../../../arm-none-eabi/lib/thumb/v7e-m/fpv4-sp/hard/libc.a(lib_a-mprec.o)
                0x0000000000006d50                __hi0bits
 .text.__lo0bits
                0x0000000000006d90       0x60 /usr/bin/../lib/gcc/arm-none-eabi/7.3.1/../../../../arm-none-eabi/lib/thumb/v7e-m/fpv4-sp/hard/libc.a(lib_a-mprec.o)
                0x0000000000006d90                __lo0bits
 .text.__i2b    0x0000000000006df0       0x14 /usr/bin/../lib/gcc/arm-none-eabi/7.3.1/../../../../arm-none-eabi/lib/thumb/v7e-m/fpv4-sp/hard/libc.a(lib_a-mprec.o)
                0x0000000000006df0                __i2b
 .text.__multiply
                0x0000000000006e04      0x14c /usr/bin/../lib/gcc/arm-none-eabi/7.3.1/../../../../arm-none-eabi/lib/thumb/v7e-m/fpv4-sp/hard/libc.a(lib_a-mprec.o)
                0x0000000000006e04                __multiply
 .text.__pow5mult
                0x0000000000006f50       0xa0 /usr/bin/../lib/gcc/arm-none-eabi/7.3.1/../../../../arm-none-eabi/lib/thumb/v7e-m/fpv4-sp/hard/libc.a(lib_a-mprec.o)
                0x0000000000006f50                __pow5mult
 .text.__lshift
                0x0000000000006ff0       0xac /usr/bin/../lib/gcc/arm-none-eabi/7.3.1/../../../../arm-none-eabi/lib/thumb/v7e-m/fpv4-sp/hard/libc.a(lib_a-mprec.o)
                0x0000000000006ff0                __lshift
 .text.__mcmp   0x000000000000709c       0x38 /usr/bin/../lib/gcc/arm-none-eabi/7.3.1/../../../../arm-none-eabi/lib/thumb/v7e-m/fpv4-sp/hard/libc.a(lib_a-mprec.o)
                0x000000000000709c                __mcmp
 .text.__mdiff  0x00000000000070d4       0xec /usr/bin/../lib/gcc/arm-none-eabi/7.3.1/../../../../arm-none-eabi/lib/thumb/v7e-m/fpv4-sp/hard/libc.a(lib_a-mprec.o)
                0x00000000000070d4                __mdiff
 .text.__d2b    0x00000000000071c0       0xc4 /usr/bin/../lib/gcc/arm-none-eabi/7.3.1/../../../../arm-none-eabi/lib/thumb/v7e-m/fpv4-sp/hard/libc.a(lib_a-mprec.o)
                0x00000000000071c0                __d2b
 .text._realloc_r
                0x0000000000007284      0x35c /usr/bin/../lib/gcc/arm-none-eabi/7.3.1/../../../../arm-none-eabi/lib/thumb/v7e-m/fpv4-sp/hard/libc.a(lib_a-reallocr.o)
                0x0000000000007284                _realloc_r
 .text.frexp    0x00000000000075e0       0x68 /usr/bin/../lib/gcc/arm-none-eabi/7.3.1/../../../../arm-none-eabi/lib/thumb/v7e-m/fpv4-sp/hard/libc.a(lib_a-s_frexp.o)
                0x00000000000075e0                frexp
 .text._sbrk_r  0x0000000000007648       0x24 /usr/bin/../lib/gcc/arm-none-eabi/7.3.1/../../../../arm-none-eabi/lib/thumb/v7e-m/fpv4-sp/hard/libc.a(lib_a-sbrkr.o)
                0x0000000000007648                _sbrk_r
 .text.__sread  0x000000000000766c       0x24 /usr/bin/../lib/gcc/arm-none-eabi/7.3.1/../../../../arm-none-eabi/lib/thumb/v7e-m/fpv4-sp/hard/libc.a(lib_a-stdio.o)
                0x000000000000766c                __sread
 .text.__swrite
                0x0000000000007690       0x3c /usr/bin/../lib/gcc/arm-none-eabi/7.3.1/../../../../arm-none-eabi/lib/thumb/v7e-m/fpv4-sp/hard/libc.a(lib_a-stdio.o)
                0x0000000000007690                __swrite
 .text.__sseek  0x00000000000076cc       0x20 /usr/bin/../lib/gcc/arm-none-eabi/7.3.1/../../../../arm-none-eabi/lib/thumb/v7e-m/fpv4-sp/hard/libc.a(lib_a-stdio.o)
                0x00000000000076cc                __sseek
 .text.__sclose
                0x00000000000076ec        0x8 /usr/bin/../lib/gcc/arm-none-eabi/7.3.1/../../../../arm-none-eabi/lib/thumb/v7e-m/fpv4-sp/hard/libc.a(lib_a-stdio.o)
                0x00000000000076ec                __sclose
 .text.strncpy  0x00000000000076f4       0x64 /usr/bin/../lib/gcc/arm-none-eabi/7.3.1/../../../../arm-none-eabi/lib/thumb/v7e-m/fpv4-sp/hard/libc.a(lib_a-strncpy.o)
                0x00000000000076f4                strncpy
 .text.__sprint_r.part.0
                0x0000000000007758       0x78 /usr/bin/../lib/gcc/arm-none-eabi/7.3.1/../../../../arm-none-eabi/lib/thumb/v7e-m/fpv4-sp/hard/libc.a(lib_a-vfiprintf.o)
 .text.__sprint_r
                0x00000000000077d0       0x14 /usr/bin/../lib/gcc/arm-none-eabi/7.3.1/../../../../arm-none-eabi/lib/thumb/v7e-m/fpv4-sp/hard/libc.a(lib_a-vfiprintf.o)
                0x00000000000077d0                __sprint_r
 .text.__register_exitproc
                0x00000000000077e4       0xc0 /usr/bin/../lib/gcc/arm-none-eabi/7.3.1/../../../../arm-none-eabi/lib/thumb/v7e-m/fpv4-sp/hard/libc.a(lib_a-__atexit.o)
                0x00000000000077e4                __register_exitproc
 .text._calloc_r
                0x00000000000078a4       0x68 /usr/bin/../lib/gcc/arm-none-eabi/7.3.1/../../../../arm-none-eabi/lib/thumb/v7e-m/fpv4-sp/hard/libc.a(lib_a-callocr.o)
                0x00000000000078a4                _calloc_r
 .text._close_r
                0x000000000000790c       0x24 /usr/bin/../lib/gcc/arm-none-eabi/7.3.1/../../../../arm-none-eabi/lib/thumb/v7e-m/fpv4-sp/hard/libc.a(lib_a-closer.o)
                0x000000000000790c                _close_r
 .text._fclose_r
                0x0000000000007930       0xd0 /usr/bin/../lib/gcc/arm-none-eabi/7.3.1/../../../../arm-none-eabi/lib/thumb/v7e-m/fpv4-sp/hard/libc.a(lib_a-fclose.o)
                0x0000000000007930                _fclose_r
 .text.__fputwc
                0x0000000000007a00       0xa0 /usr/bin/../lib/gcc/arm-none-eabi/7.3.1/../../../../arm-none-eabi/lib/thumb/v7e-m/fpv4-sp/hard/libc.a(lib_a-fputwc.o)
                0x0000000000007a00                __fputwc
 .text._fputwc_r
                0x0000000000007aa0       0x64 /usr/bin/../lib/gcc/arm-none-eabi/7.3.1/../../../../arm-none-eabi/lib/thumb/v7e-m/fpv4-sp/hard/libc.a(lib_a-fputwc.o)
                0x0000000000007aa0                _fputwc_r
 .text._fstat_r
                0x0000000000007b04       0x28 /usr/bin/../lib/gcc/arm-none-eabi/7.3.1/../../../../arm-none-eabi/lib/thumb/v7e-m/fpv4-sp/hard/libc.a(lib_a-fstatr.o)
                0x0000000000007b04                _fstat_r
 .text._isatty_r
                0x0000000000007b2c       0x24 /usr/bin/../lib/gcc/arm-none-eabi/7.3.1/../../../../arm-none-eabi/lib/thumb/v7e-m/fpv4-sp/hard/libc.a(lib_a-isattyr.o)
                0x0000000000007b2c                _isatty_r
 .text._lseek_r
                0x0000000000007b50       0x2c /usr/bin/../lib/gcc/arm-none-eabi/7.3.1/../../../../arm-none-eabi/lib/thumb/v7e-m/fpv4-sp/hard/libc.a(lib_a-lseekr.o)
                0x0000000000007b50                _lseek_r
 .text._read_r  0x0000000000007b7c       0x2c /usr/bin/../lib/gcc/arm-none-eabi/7.3.1/../../../../arm-none-eabi/lib/thumb/v7e-m/fpv4-sp/hard/libc.a(lib_a-readr.o)
                0x0000000000007b7c                _read_r
 .text.__swbuf_r
                0x0000000000007ba8       0xb0 /usr/bin/../lib/gcc/arm-none-eabi/7.3.1/../../../../arm-none-eabi/lib/thumb/v7e-m/fpv4-sp/hard/libc.a(lib_a-wbuf.o)
                0x0000000000007ba8                __swbuf_r
 .text._wcrtomb_r
                0x0000000000007c58       0x50 /usr/bin/../lib/gcc/arm-none-eabi/7.3.1/../../../../arm-none-eabi/lib/thumb/v7e-m/fpv4-sp/hard/libc.a(lib_a-wcrtomb.o)
                0x0000000000007c58                _wcrtomb_r
 .text._close   0x0000000000007ca8       0x10 /usr/bin/../lib/gcc/arm-none-eabi/7.3.1/../../../../arm-none-eabi/lib/thumb/v7e-m/fpv4-sp/hard/libnosys.a(close.o)
                0x0000000000007ca8                _close
 .text._fstat   0x0000000000007cb8       0x10 /usr/bin/../lib/gcc/arm-none-eabi/7.3.1/../../../../arm-none-eabi/lib/thumb/v7e-m/fpv4-sp/hard/libnosys.a(fstat.o)
                0x0000000000007cb8                _fstat
 .text._isatty  0x0000000000007cc8       0x10 /usr/bin/../lib/gcc/arm-none-eabi/7.3.1/../../../../arm-none-eabi/lib/thumb/v7e-m/fpv4-sp/hard/libnosys.a(isatty.o)
                0x0000000000007cc8                _isatty
 .text._lseek   0x0000000000007cd8       0x10 /usr/bin/../lib/gcc/arm-none-eabi/7.3.1/../../../../arm-none-eabi/lib/thumb/v7e-m/fpv4-sp/hard/libnosys.a(lseek.o)
                0x0000000000007cd8                _lseek
 .text._read    0x0000000000007ce8       0x10 /usr/bin/../lib/gcc/arm-none-eabi/7.3.1/../../../../arm-none-eabi/lib/thumb/v7e-m/fpv4-sp/hard/libnosys.a(read.o)
                0x0000000000007ce8                _read
 .text._sbrk    0x0000000000007cf8       0x1c /usr/bin/../lib/gcc/arm-none-eabi/7.3.1/../../../../arm-none-eabi/lib/thumb/v7e-m/fpv4-sp/hard/libnosys.a(sbrk.o)
                0x0000000000007cf8                _sbrk
 .text._exit    0x0000000000007d14        0x4 /usr/bin/../lib/gcc/arm-none-eabi/7.3.1/../../../../arm-none-eabi/lib/thumb/v7e-m/fpv4-sp/hard/libnosys.a(_exit.o)
                0x0000000000007d14                _exit
 .text          0x0000000000007d18      0x378 /usr/bin/../lib/gcc/arm-none-eabi/7.3.1/thumb/v7e-m/fpv4-sp/hard/libgcc.a(_arm_addsubdf3.o)
                0x0000000000007d18                __aeabi_drsub
                0x0000000000007d20                __aeabi_dsub
                0x0000000000007d20                __subdf3
                0x0000000000007d24                __adddf3
                0x0000000000007d24                __aeabi_dadd
                0x0000000000007f9c                __aeabi_ui2d
                0x0000000000007f9c                __floatunsidf
                0x0000000000007fbc                __floatsidf
                0x0000000000007fbc                __aeabi_i2d
                0x0000000000007fe0                __extendsfdf2
                0x0000000000007fe0                __aeabi_f2d
                0x0000000000008024                __aeabi_ul2d
                0x0000000000008024                __floatundidf
                0x0000000000008034                __floatdidf
                0x0000000000008034                __aeabi_l2d
 .text          0x0000000000008090      0x424 /usr/bin/../lib/gcc/arm-none-eabi/7.3.1/thumb/v7e-m/fpv4-sp/hard/libgcc.a(_arm_muldivdf3.o)
                0x0000000000008090                __aeabi_dmul
                0x0000000000008090                __muldf3
                0x00000000000082e4                __aeabi_ddiv
                0x00000000000082e4                __divdf3
 .text          0x00000000000084b4      0x110 /usr/bin/../lib/gcc/arm-none-eabi/7.3.1/thumb/v7e-m/fpv4-sp/hard/libgcc.a(_arm_cmpdf2.o)
                0x00000000000084b4                __gtdf2
                0x00000000000084b4                __gedf2
                0x00000000000084bc                __ltdf2
                0x00000000000084bc                __ledf2
                0x00000000000084c4                __cmpdf2
                0x00000000000084c4                __eqdf2
                0x00000000000084c4                __nedf2
                0x0000000000008540                __aeabi_cdrcmple
                0x0000000000008550                __aeabi_cdcmple
                0x0000000000008550                __aeabi_cdcmpeq
                0x0000000000008560                __aeabi_dcmpeq
                0x0000000000008574                __aeabi_dcmplt
                0x0000000000008588                __aeabi_dcmple
                0x000000000000859c                __aeabi_dcmpge
                0x00000000000085b0                __aeabi_dcmpgt
 .text          0x00000000000085c4       0x2c /usr/bin/../lib/gcc/arm-none-eabi/7.3.1/thumb/v7e-m/fpv4-sp/hard/libgcc.a(_arm_unorddf2.o)
                0x00000000000085c4                __aeabi_dcmpun
                0x00000000000085c4                __unorddf2
 .text          0x00000000000085f0       0x50 /usr/bin/../lib/gcc/arm-none-eabi/7.3.1/thumb/v7e-m/fpv4-sp/hard/libgcc.a(_arm_fixdfsi.o)
                0x00000000000085f0                __fixdfsi
                0x00000000000085f0                __aeabi_d2iz
 .text          0x0000000000008640       0x30 /usr/bin/../lib/gcc/arm-none-eabi/7.3.1/thumb/v7e-m/fpv4-sp/hard/libgcc.a(_aeabi_uldivmod.o)
                0x0000000000008640                __aeabi_uldivmod
 .text          0x0000000000008670      0x2cc /usr/bin/../lib/gcc/arm-none-eabi/7.3.1/thumb/v7e-m/fpv4-sp/hard/libgcc.a(_udivmoddi4.o)
                0x0000000000008670                __udivmoddi4
 .text          0x000000000000893c        0x4 /usr/bin/../lib/gcc/arm-none-eabi/7.3.1/thumb/v7e-m/fpv4-sp/hard/libgcc.a(_dvmd_tls.o)
                0x000000000000893c                __aeabi_ldiv0
                0x000000000000893c                __aeabi_idiv0
 *(.init)
 .init          0x0000000000008940        0x4 /usr/bin/../lib/gcc/arm-none-eabi/7.3.1/thumb/v7e-m/fpv4-sp/hard/crti.o
                0x0000000000008940                _init
 .init          0x0000000000008944        0x8 /usr/bin/../lib/gcc/arm-none-eabi/7.3.1/thumb/v7e-m/fpv4-sp/hard/crtn.o
 *(.fini)
 .fini          0x000000000000894c        0x4 /usr/bin/../lib/gcc/arm-none-eabi/7.3.1/thumb/v7e-m/fpv4-sp/hard/crti.o
                0x000000000000894c                _fini
 .fini          0x0000000000008950        0x8 /usr/bin/../lib/gcc/arm-none-eabi/7.3.1/thumb/v7e-m/fpv4-sp/hard/crtn.o
 *crtbegin.o(.ctors)
 *crtbegin?.o(.ctors)
 *(EXCLUDE_FILE(*crtend.o *crtend?.o) .ctors)
 *(SORT_BY_NAME(.ctors.*))
 *(.ctors)
 *crtbegin.o(.dtors)
 *crtbegin?.o(.dtors)
 *(EXCLUDE_FILE(*crtend.o *crtend?.o) .dtors)
 *(SORT_BY_NAME(.dtors.*))
 *(.dtors)
 *(.rodata*)
 *fill*         0x0000000000008958        0x8 
 .rodata.delay_bytecode.8661
                0x0000000000008960        0x6 _build/main.o
 .rodata.main.str1.1
                0x0000000000008966       0x18 _build/main.o
 .rodata.app_error_fault_handler.str1.1
                0x000000000000897e       0x77 _build/better_error_handling.o
 *fill*         0x00000000000089f5        0xb 
 .rodata.delay_bytecode.8673
                0x0000000000008a00        0x6 _build/better_error_handling.o
 *fill*         0x0000000000008a06        0xa 
 .rodata.delay_bytecode.9319
                0x0000000000008a10        0x6 _build/app_timer.o
 .rodata.app_util_critical_region_enter.str1.1
                0x0000000000008a16       0x54 _build/app_util_platform.o
 .rodata.HardFault_c_handler.str1.1
                0x0000000000008a6a       0xfb _build/hardfault_implementation.o
 *fill*         0x0000000000008b65        0x3 
 .rodata.cfsr_msgs.9513
                0x0000000000008b68       0x68 _build/hardfault_implementation.o
 .rodata.str1.1
                0x0000000000008bd0      0x4c0 _build/hardfault_implementation.o
 .rodata.nrf_balloc_init.str1.1
                0x0000000000009090       0x4f _build/nrf_balloc.o
 .rodata.nrf_fprintf_buffer_flush.str1.1
                0x00000000000090df       0x45 _build/nrf_fprintf.o
 .rodata._aV2C.7999
                0x0000000000009124       0x10 _build/nrf_fprintf_format.o
 .rodata.nrf_fprintf_fmt.str1.1
                0x0000000000009134       0x4c _build/nrf_fprintf_format.o
 .rodata.delay_bytecode.9588
                0x0000000000009180        0x6 _build/nrf_log_backend_rtt.o
 *fill*         0x0000000000009186        0x2 
 .rodata.nrf_log_backend_rtt_api
                0x0000000000009188        0xc _build/nrf_log_backend_rtt.o
                0x0000000000009188                nrf_log_backend_rtt_api
 .rodata.nrf_log_default_backends_init.str1.1
                0x0000000000009194       0x6b _build/nrf_log_default_backends.o
 .rodata.invalid_packets_pushed_str_omit.str1.1
                0x00000000000091ff       0x63 _build/nrf_log_frontend.o
 .rodata.nrf_log_frontend_dequeue.str1.1
                0x0000000000009262       0x11 _build/nrf_log_frontend.o
 .rodata.str1.1
                0x0000000000009273       0x17 _build/nrf_log_frontend.o
 *fill*         0x000000000000928a        0x2 
 .rodata.m_colors
                0x000000000000928c       0x24 _build/nrf_log_str_formatter.o
 .rodata.nrf_log_hexdump_entry_process.str1.1
                0x00000000000092b0        0xf _build/nrf_log_str_formatter.o
                                         0x11 (size before relaxing)
 .rodata.postfix_process.str1.1
                0x00000000000092bf        0x8 _build/nrf_log_str_formatter.o
                                          0xb (size before relaxing)
 .rodata.prefix_process.str1.1
                0x00000000000092c7       0x2a _build/nrf_log_str_formatter.o
 *fill*         0x00000000000092f1        0x3 
 .rodata.severity_names
                0x00000000000092f4       0x14 _build/nrf_log_str_formatter.o
 .rodata.str1.1
                0x0000000000009308       0x4b _build/nrf_log_str_formatter.o
                                         0x51 (size before relaxing)
 .rodata.str1.1
                0x0000000000009353        0x9 _build/nrf_pwr_mgmt.o
 .rodata.memobj_op.str1.1
                0x000000000000935c       0x5c _build/nrf_memobj.o
 .rodata.m_unknown_str
                0x00000000000093b8       0x13 _build/nrf_strerror.o
 *fill*         0x00000000000093cb        0x1 
 .rodata.nrf_strerror_array
                0x00000000000093cc      0x118 _build/nrf_strerror.o
 .rodata.str1.1
                0x00000000000094e4      0x391 _build/nrf_strerror.o
 .rodata.nrf_gpio_pin_port_decode.isra.0.part.1.str1.1
                0x0000000000009875       0x42 _build/nrfx_gpiote.o
 .rodata.nrfx_gpiote_out_init.str1.1
                0x00000000000098b7       0x4d _build/nrfx_gpiote.o
 .rodata.str1.1
                0x0000000000009904        0x7 _build/nrfx_gpiote.o
 .rodata.UARTE0_UART0_IRQHandler.str1.1
                0x000000000000990b       0x4e _build/nrfx_prs.o
 .rodata.str1.1
                0x0000000000009959        0x4 _build/nrfx_prs.o
 .rodata.str1.1
                0x000000000000995d        0x6 _build/nrfx_saadc.o
 .rodata.SPIM1_SPIS1_TWIM1_TWIS1_SPI1_TWI1_IRQHandler.str1.1
                0x0000000000009963       0x4b _build/nrfx_spim.o
 .rodata.nrf_gpio_pin_port_decode.isra.0.part.1.str1.1
                0x00000000000099ae       0x42 _build/nrfx_spim.o
 .rodata.str1.1
                0x00000000000099ae        0x5 _build/nrfx_spim.o
 .rodata.str1.1
                0x00000000000099b3        0x6 _build/nrfx_timer.o
 .rodata.SPIM0_SPIS0_TWIM0_TWIS0_SPI0_TWI0_IRQHandler.str1.1
                0x00000000000099b9       0x4b _build/nrfx_twim.o
 .rodata.str1.1
                0x0000000000009a04        0x5 _build/nrfx_twim.o
 .rodata.str1.1
                0x0000000000009a09        0x5 _build/nrfx_uart.o
 .rodata.str1.1
                0x0000000000009a0e        0x6 _build/nrfx_uarte.o
 .rodata._DoInit.str1.1
                0x0000000000009a14       0x14 _build/SEGGER_RTT.o
 .rodata._global_impure_ptr
                0x0000000000009a28        0x4 /usr/bin/../lib/gcc/arm-none-eabi/7.3.1/../../../../arm-none-eabi/lib/thumb/v7e-m/fpv4-sp/hard/libc.a(lib_a-impure.o)
                0x0000000000009a28                _global_impure_ptr
 .rodata._setlocale_r.str1.4
                0x0000000000009a2c        0xa /usr/bin/../lib/gcc/arm-none-eabi/7.3.1/../../../../arm-none-eabi/lib/thumb/v7e-m/fpv4-sp/hard/libc.a(lib_a-locale.o)
                                          0xd (size before relaxing)
 *fill*         0x0000000000009a36        0x2 
 .rodata.str1.4
                0x0000000000009a38        0x2 /usr/bin/../lib/gcc/arm-none-eabi/7.3.1/../../../../arm-none-eabi/lib/thumb/v7e-m/fpv4-sp/hard/libc.a(lib_a-locale.o)
 *fill*         0x0000000000009a3a        0x2 
 .rodata._puts_r.str1.4
                0x0000000000009a3c        0x2 /usr/bin/../lib/gcc/arm-none-eabi/7.3.1/../../../../arm-none-eabi/lib/thumb/v7e-m/fpv4-sp/hard/libc.a(lib_a-puts.o)
 *fill*         0x0000000000009a3e        0x2 
 .rodata._vfprintf_r.str1.4
                0x0000000000009a40       0x42 /usr/bin/../lib/gcc/arm-none-eabi/7.3.1/../../../../arm-none-eabi/lib/thumb/v7e-m/fpv4-sp/hard/libc.a(lib_a-vfprintf.o)
 *fill*         0x0000000000009a82        0x2 
 .rodata.blanks.8605
                0x0000000000009a84       0x10 /usr/bin/../lib/gcc/arm-none-eabi/7.3.1/../../../../arm-none-eabi/lib/thumb/v7e-m/fpv4-sp/hard/libc.a(lib_a-vfprintf.o)
 .rodata.zeroes.8606
                0x0000000000009a94       0x10 /usr/bin/../lib/gcc/arm-none-eabi/7.3.1/../../../../arm-none-eabi/lib/thumb/v7e-m/fpv4-sp/hard/libc.a(lib_a-vfprintf.o)
 .rodata._ctype_
                0x0000000000009aa4      0x101 /usr/bin/../lib/gcc/arm-none-eabi/7.3.1/../../../../arm-none-eabi/lib/thumb/v7e-m/fpv4-sp/hard/libc.a(lib_a-ctype_.o)
                0x0000000000009aa4                _ctype_
 *fill*         0x0000000000009ba5        0x3 
 .rodata._dtoa_r.str1.4
                0x0000000000009ba8       0x10 /usr/bin/../lib/gcc/arm-none-eabi/7.3.1/../../../../arm-none-eabi/lib/thumb/v7e-m/fpv4-sp/hard/libc.a(lib_a-dtoa.o)
                                         0x12 (size before relaxing)
 .rodata.__mprec_bigtens
                0x0000000000009bb8       0x28 /usr/bin/../lib/gcc/arm-none-eabi/7.3.1/../../../../arm-none-eabi/lib/thumb/v7e-m/fpv4-sp/hard/libc.a(lib_a-mprec.o)
                0x0000000000009bb8                __mprec_bigtens
 .rodata.__mprec_tens
                0x0000000000009be0       0xc8 /usr/bin/../lib/gcc/arm-none-eabi/7.3.1/../../../../arm-none-eabi/lib/thumb/v7e-m/fpv4-sp/hard/libc.a(lib_a-mprec.o)
                0x0000000000009be0                __mprec_tens
 .rodata.p05.7367
                0x0000000000009ca8        0xc /usr/bin/../lib/gcc/arm-none-eabi/7.3.1/../../../../arm-none-eabi/lib/thumb/v7e-m/fpv4-sp/hard/libc.a(lib_a-mprec.o)
 *(.eh_frame*)
 .eh_frame      0x0000000000009cb4        0x0 /usr/bin/../lib/gcc/arm-none-eabi/7.3.1/thumb/v7e-m/fpv4-sp/hard/crtbegin.o
 .eh_frame      0x0000000000009cb4        0x4 /usr/bin/../lib/gcc/arm-none-eabi/7.3.1/thumb/v7e-m/fpv4-sp/hard/crtend.o

.glue_7         0x0000000000009cb8        0x0
 .glue_7        0x0000000000009cb8        0x0 linker stubs

.glue_7t        0x0000000000009cb8        0x0
 .glue_7t       0x0000000000009cb8        0x0 linker stubs

.vfp11_veneer   0x0000000000009cb8        0x0
 .vfp11_veneer  0x0000000000009cb8        0x0 linker stubs

.v4_bx          0x0000000000009cb8        0x0
 .v4_bx         0x0000000000009cb8        0x0 linker stubs

.iplt           0x0000000000009cb8        0x0
 .iplt          0x0000000000009cb8        0x0 /usr/bin/../lib/gcc/arm-none-eabi/7.3.1/thumb/v7e-m/fpv4-sp/hard/crtbegin.o

.mem_section_dummy_rom

.log_const_data
                0x0000000000009cb8       0x60
                0x0000000000009cb8                PROVIDE (__start_log_const_data = .)
 *(SORT_BY_NAME(.log_const_data*))
 .log_const_data_GPIOTE
                0x0000000000009cb8        0x8 _build/nrfx_gpiote.o
                0x0000000000009cb8                m_nrf_log_GPIOTE_logs_data_const
 .log_const_data_PRS
                0x0000000000009cc0        0x8 _build/nrfx_prs.o
                0x0000000000009cc0                m_nrf_log_PRS_logs_data_const
 .log_const_data_SAADC
                0x0000000000009cc8        0x8 _build/nrfx_saadc.o
                0x0000000000009cc8                m_nrf_log_SAADC_logs_data_const
 .log_const_data_SPIM
                0x0000000000009cd0        0x8 _build/nrfx_spim.o
                0x0000000000009cd0                m_nrf_log_SPIM_logs_data_const
 .log_const_data_TIMER
                0x0000000000009cd8        0x8 _build/nrfx_timer.o
                0x0000000000009cd8                m_nrf_log_TIMER_logs_data_const
 .log_const_data_TWIM
                0x0000000000009ce0        0x8 _build/nrfx_twim.o
                0x0000000000009ce0                m_nrf_log_TWIM_logs_data_const
 .log_const_data_UART
                0x0000000000009ce8        0x8 _build/nrfx_uart.o
                0x0000000000009ce8                m_nrf_log_UART_logs_data_const
 .log_const_data_UARTE
                0x0000000000009cf0        0x8 _build/nrfx_uarte.o
                0x0000000000009cf0                m_nrf_log_UARTE_logs_data_const
 .log_const_data_app
                0x0000000000009cf8        0x8 _build/nrf_log_frontend.o
                0x0000000000009cf8                m_nrf_log_app_logs_data_const
 .log_const_data_balloc_log_mempool
                0x0000000000009d00        0x8 _build/nrf_log_frontend.o
                0x0000000000009d00                m_nrf_log_balloc_log_mempool_logs_data_const
 .log_const_data_hardfault
                0x0000000000009d08        0x8 _build/hardfault_implementation.o
                0x0000000000009d08                m_nrf_log_hardfault_logs_data_const
 .log_const_data_pwr_mgmt
                0x0000000000009d10        0x8 _build/nrf_pwr_mgmt.o
                0x0000000000009d10                m_nrf_log_pwr_mgmt_logs_data_const
                0x0000000000009d18                PROVIDE (__stop_log_const_data = .)

.nrf_balloc     0x0000000000009d18       0x18
                [!provide]                        PROVIDE (__start_nrf_balloc = .)
 *(.nrf_balloc)
 .nrf_balloc    0x0000000000009d18       0x18 _build/nrf_log_frontend.o
                0x0000000000009d18                log_mempool
                [!provide]                        PROVIDE (__stop_nrf_balloc = .)

.nrf_queue      0x0000000000009d30        0x0
                [!provide]                        PROVIDE (__start_nrf_queue = .)
 *(.nrf_queue)
                [!provide]                        PROVIDE (__stop_nrf_queue = .)

.pwr_mgmt_data  0x0000000000009d30        0x0
                0x0000000000009d30                PROVIDE (__start_pwr_mgmt_data = .)
 *(SORT_BY_NAME(.pwr_mgmt_data*))
                0x0000000000009d30                PROVIDE (__stop_pwr_mgmt_data = .)

.crypto_data    0x0000000000009d30        0x0
                [!provide]                        PROVIDE (__start_crypto_data = .)
 *(SORT_BY_NAME(.crypto_data*))
                [!provide]                        PROVIDE (__stop_crypto_data = .)

.cli_command    0x0000000000009d30        0x0
                [!provide]                        PROVIDE (__start_cli_command = .)
 *(.cli_command)
                [!provide]                        PROVIDE (__stop_cli_command = .)

.ARM.extab
 *(.ARM.extab* .gnu.linkonce.armextab.*)
                0x0000000000009d30                __exidx_start = .

.ARM.exidx      0x0000000000009d30        0x8
 *(.ARM.exidx* .gnu.linkonce.armexidx.*)
 .ARM.exidx     0x0000000000009d30        0x8 /usr/bin/../lib/gcc/arm-none-eabi/7.3.1/../../../../arm-none-eabi/lib/thumb/v7e-m/fpv4-sp/hard/crt0.o
 .ARM.exidx     0x0000000000009d38        0x0 /usr/bin/../lib/gcc/arm-none-eabi/7.3.1/thumb/v7e-m/fpv4-sp/hard/libgcc.a(_udivmoddi4.o)
                                          0x8 (size before relaxing)
                0x0000000000009d38                __exidx_end = .
                0x0000000000009d38                __etext = .

.rel.dyn        0x0000000000009d38        0x0
 .rel.iplt      0x0000000000009d38        0x0 /usr/bin/../lib/gcc/arm-none-eabi/7.3.1/thumb/v7e-m/fpv4-sp/hard/crtbegin.o

.data           0x0000000020000000      0x9d0 load address 0x0000000000009d38
                0x0000000020000000                __data_start__ = .
 *(vtable)
 *(.data*)
 .data.GPIO_Ptr
                0x0000000020000000        0x4 _build/gpio.o
                0x0000000020000000                GPIO_Ptr
 .data.rtt_log_backend
                0x0000000020000004        0xc _build/nrf_log_default_backends.o
 .data.SystemCoreClock
                0x0000000020000010        0x4 _build/system_nrf52.o
                0x0000000020000010                SystemCoreClock
 .data._impure_ptr
                0x0000000020000014        0x4 /usr/bin/../lib/gcc/arm-none-eabi/7.3.1/../../../../arm-none-eabi/lib/thumb/v7e-m/fpv4-sp/hard/libc.a(lib_a-impure.o)
                0x0000000020000014                _impure_ptr
 .data.impure_data
                0x0000000020000018      0x428 /usr/bin/../lib/gcc/arm-none-eabi/7.3.1/../../../../arm-none-eabi/lib/thumb/v7e-m/fpv4-sp/hard/libc.a(lib_a-impure.o)
 .data.__global_locale
                0x0000000020000440      0x16c /usr/bin/../lib/gcc/arm-none-eabi/7.3.1/../../../../arm-none-eabi/lib/thumb/v7e-m/fpv4-sp/hard/libc.a(lib_a-locale.o)
                0x0000000020000440                __global_locale
 .data.__atexit_recursive_mutex
                0x00000000200005ac        0x4 /usr/bin/../lib/gcc/arm-none-eabi/7.3.1/../../../../arm-none-eabi/lib/thumb/v7e-m/fpv4-sp/hard/libc.a(lib_a-__call_atexit.o)
                0x00000000200005ac                __atexit_recursive_mutex
 .data.__malloc_av_
                0x00000000200005b0      0x408 /usr/bin/../lib/gcc/arm-none-eabi/7.3.1/../../../../arm-none-eabi/lib/thumb/v7e-m/fpv4-sp/hard/libc.a(lib_a-mallocr.o)
                0x00000000200005b0                __malloc_av_
 .data.__malloc_sbrk_base
                0x00000000200009b8        0x4 /usr/bin/../lib/gcc/arm-none-eabi/7.3.1/../../../../arm-none-eabi/lib/thumb/v7e-m/fpv4-sp/hard/libc.a(lib_a-mallocr.o)
                0x00000000200009b8                __malloc_sbrk_base
 .data.__malloc_trim_threshold
                0x00000000200009bc        0x4 /usr/bin/../lib/gcc/arm-none-eabi/7.3.1/../../../../arm-none-eabi/lib/thumb/v7e-m/fpv4-sp/hard/libc.a(lib_a-mallocr.o)
                0x00000000200009bc                __malloc_trim_threshold
                0x00000000200009c0                . = ALIGN (0x4)
                0x00000000200009c0                PROVIDE (__preinit_array_start = .)
 *(.preinit_array)
                0x00000000200009c0                PROVIDE (__preinit_array_end = .)
                0x00000000200009c0                . = ALIGN (0x4)
                0x00000000200009c0                PROVIDE (__init_array_start = .)
 *(SORT_BY_NAME(.init_array.*))
 .init_array.00000
                0x00000000200009c0        0x4 /usr/bin/../lib/gcc/arm-none-eabi/7.3.1/../../../../arm-none-eabi/lib/thumb/v7e-m/fpv4-sp/hard/libc.a(lib_a-__call_atexit.o)
 *(.init_array)
 .init_array    0x00000000200009c4        0x4 /usr/bin/../lib/gcc/arm-none-eabi/7.3.1/thumb/v7e-m/fpv4-sp/hard/crtbegin.o
 .init_array    0x00000000200009c8        0x4 _build/before_startup.o
                0x00000000200009cc                PROVIDE (__init_array_end = .)
                0x00000000200009cc                . = ALIGN (0x4)
                0x00000000200009cc                PROVIDE (__fini_array_start = .)
 *(SORT_BY_NAME(.fini_array.*))
 *(.fini_array)
 .fini_array    0x00000000200009cc        0x4 /usr/bin/../lib/gcc/arm-none-eabi/7.3.1/thumb/v7e-m/fpv4-sp/hard/crtbegin.o
                0x00000000200009d0                PROVIDE (__fini_array_end = .)
 *(.jcr*)
                0x00000000200009d0                . = ALIGN (0x4)
                0x00000000200009d0                __data_end__ = .
LOAD /usr/bin/../lib/gcc/arm-none-eabi/7.3.1/thumb/v7e-m/fpv4-sp/hard/crti.o
LOAD /usr/bin/../lib/gcc/arm-none-eabi/7.3.1/thumb/v7e-m/fpv4-sp/hard/crtbegin.o
LOAD /usr/bin/../lib/gcc/arm-none-eabi/7.3.1/../../../../arm-none-eabi/lib/thumb/v7e-m/fpv4-sp/hard/crt0.o
START GROUP
LOAD _build/gpio.o
LOAD _build/main.o
LOAD _build/display.o
LOAD _build/mpu9250.o
LOAD _build/kobukiUART.o
LOAD _build/kobukiSensor.o
LOAD _build/kobukiUtilities.o
LOAD _build/kobukiSensorPoll.o
LOAD _build/kobukiActuator.o
LOAD _build/better_error_handling.o
LOAD _build/app_error_handler_gcc.o
LOAD _build/app_scheduler.o
LOAD _build/app_timer.o
LOAD _build/app_uart.o
LOAD _build/app_util_platform.o
LOAD _build/before_startup.o
LOAD _build/hardfault_handler_gcc.o
LOAD _build/hardfault_implementation.o
LOAD _build/nrf_assert.o
LOAD _build/nrf_atomic.o
LOAD _build/nrf_balloc.o
LOAD _build/nrf_drv_spi.o
LOAD _build/nrf_drv_twi.o
LOAD _build/nrf_drv_uart.o
LOAD _build/nrf_fprintf.o
LOAD _build/nrf_fprintf_format.o
LOAD _build/nrf_log_backend_rtt.o
LOAD _build/nrf_log_backend_serial.o
LOAD _build/nrf_log_backend_uart.o
LOAD _build/nrf_log_default_backends.o
LOAD _build/nrf_log_frontend.o
LOAD _build/nrf_log_str_formatter.o
LOAD _build/nrf_pwr_mgmt.o
LOAD _build/nrf_memobj.o
LOAD _build/nrf_section_iter.o
LOAD _build/nrf_serial.o
LOAD _build/nrf_strerror.o
LOAD _build/nrf_queue.o
LOAD _build/nrfx_gpiote.o
LOAD _build/nrfx_prs.o
LOAD _build/nrfx_saadc.o
LOAD _build/nrfx_spi.o
LOAD _build/nrfx_spim.o
LOAD _build/nrfx_timer.o
LOAD _build/nrfx_twi.o
LOAD _build/nrfx_twim.o
LOAD _build/nrfx_uart.o
LOAD _build/nrfx_uarte.o
LOAD _build/SEGGER_RTT.o
LOAD _build/SEGGER_RTT_Syscalls_GCC.o
LOAD _build/SEGGER_RTT_printf.o
LOAD _build/simple_logger.o
LOAD _build/ff.o
LOAD _build/mmc_nrf.o
LOAD _build/system_nrf52.o
LOAD _build/app_error.o
LOAD _build/app_error_weak.o
LOAD _build/gcc_startup_nrf52.os
LOAD /usr/bin/../lib/gcc/arm-none-eabi/7.3.1/../../../../arm-none-eabi/lib/thumb/v7e-m/fpv4-sp/hard/libc.a
LOAD /usr/bin/../lib/gcc/arm-none-eabi/7.3.1/../../../../arm-none-eabi/lib/thumb/v7e-m/fpv4-sp/hard/libnosys.a
LOAD /usr/bin/../lib/gcc/arm-none-eabi/7.3.1/../../../../arm-none-eabi/lib/thumb/v7e-m/fpv4-sp/hard/libm.a
LOAD /usr/bin/../lib/gcc/arm-none-eabi/7.3.1/../../../../arm-none-eabi/lib/thumb/v7e-m/fpv4-sp/hard/libstdc++.a
END GROUP
START GROUP
LOAD /usr/bin/../lib/gcc/arm-none-eabi/7.3.1/thumb/v7e-m/fpv4-sp/hard/libgcc.a
LOAD /usr/bin/../lib/gcc/arm-none-eabi/7.3.1/../../../../arm-none-eabi/lib/thumb/v7e-m/fpv4-sp/hard/libc.a
END GROUP
LOAD /usr/bin/../lib/gcc/arm-none-eabi/7.3.1/thumb/v7e-m/fpv4-sp/hard/crtend.o
LOAD /usr/bin/../lib/gcc/arm-none-eabi/7.3.1/thumb/v7e-m/fpv4-sp/hard/crtn.o
START GROUP
LOAD /usr/bin/../lib/gcc/arm-none-eabi/7.3.1/thumb/v7e-m/fpv4-sp/hard/libgcc.a
LOAD /usr/bin/../lib/gcc/arm-none-eabi/7.3.1/../../../../arm-none-eabi/lib/thumb/v7e-m/fpv4-sp/hard/libc.a
LOAD /usr/bin/../lib/gcc/arm-none-eabi/7.3.1/../../../../arm-none-eabi/lib/thumb/v7e-m/fpv4-sp/hard/libnosys.a
END GROUP

.igot.plt       0x00000000200009d0        0x0 load address 0x000000000000a708
 .igot.plt      0x00000000200009d0        0x0 /usr/bin/../lib/gcc/arm-none-eabi/7.3.1/thumb/v7e-m/fpv4-sp/hard/crtbegin.o
                0x00000000200009d0                . = ALIGN (0x4)

.mem_section_dummy_ram

.log_dynamic_data
                0x00000000200009d0       0x30 load address 0x000000000000a708
                0x00000000200009d0                PROVIDE (__start_log_dynamic_data = .)
 *(SORT_BY_NAME(.log_dynamic_data*))
 .log_dynamic_data_GPIOTE
                0x00000000200009d0        0x4 _build/nrfx_gpiote.o
                0x00000000200009d0                m_nrf_log_GPIOTE_logs_data_dynamic
 .log_dynamic_data_PRS
                0x00000000200009d4        0x4 _build/nrfx_prs.o
                0x00000000200009d4                m_nrf_log_PRS_logs_data_dynamic
 .log_dynamic_data_SAADC
                0x00000000200009d8        0x4 _build/nrfx_saadc.o
                0x00000000200009d8                m_nrf_log_SAADC_logs_data_dynamic
 .log_dynamic_data_SPIM
                0x00000000200009dc        0x4 _build/nrfx_spim.o
                0x00000000200009dc                m_nrf_log_SPIM_logs_data_dynamic
 .log_dynamic_data_TIMER
                0x00000000200009e0        0x4 _build/nrfx_timer.o
                0x00000000200009e0                m_nrf_log_TIMER_logs_data_dynamic
 .log_dynamic_data_TWIM
                0x00000000200009e4        0x4 _build/nrfx_twim.o
                0x00000000200009e4                m_nrf_log_TWIM_logs_data_dynamic
 .log_dynamic_data_UART
                0x00000000200009e8        0x4 _build/nrfx_uart.o
                0x00000000200009e8                m_nrf_log_UART_logs_data_dynamic
 .log_dynamic_data_UARTE
                0x00000000200009ec        0x4 _build/nrfx_uarte.o
                0x00000000200009ec                m_nrf_log_UARTE_logs_data_dynamic
 .log_dynamic_data_app
                0x00000000200009f0        0x4 _build/nrf_log_frontend.o
                0x00000000200009f0                m_nrf_log_app_logs_data_dynamic
 .log_dynamic_data_balloc_log_mempool
                0x00000000200009f4        0x4 _build/nrf_log_frontend.o
                0x00000000200009f4                m_nrf_log_balloc_log_mempool_logs_data_dynamic
 .log_dynamic_data_hardfault
                0x00000000200009f8        0x4 _build/hardfault_implementation.o
                0x00000000200009f8                m_nrf_log_hardfault_logs_data_dynamic
 .log_dynamic_data_pwr_mgmt
                0x00000000200009fc        0x4 _build/nrf_pwr_mgmt.o
                0x00000000200009fc                m_nrf_log_pwr_mgmt_logs_data_dynamic
                [!provide]                        PROVIDE (__stop_log_dynamic_data = .)

.fs_data        0x0000000020000a00        0x0
                [!provide]                        PROVIDE (__start_fs_data = .)
 *(.fs_data)
                [!provide]                        PROVIDE (__stop_fs_data = .)

.cli_sorted_cmd_ptrs
                0x0000000020000a00        0x0
                [!provide]                        PROVIDE (__start_cli_sorted_cmd_ptrs = .)
 *(.cli_sorted_cmd_ptrs)
                [!provide]                        PROVIDE (__stop_cli_sorted_cmd_ptrs = .)

.bss            0x0000000020000a00      0xa68 load address 0x000000000000a738
                0x0000000020000a00                . = ALIGN (0x4)
                0x0000000020000a00                __bss_start__ = .
 *(.bss*)
 .bss           0x0000000020000a00       0x1c /usr/bin/../lib/gcc/arm-none-eabi/7.3.1/thumb/v7e-m/fpv4-sp/hard/crtbegin.o
 .bss.m_op_queue
                0x0000000020000a1c      0x10c _build/app_timer.o
 .bss.m_rtc1_reset
                0x0000000020000b28        0x1 _build/app_timer.o
 .bss.m_rtc1_running
                0x0000000020000b29        0x1 _build/app_timer.o
 *fill*         0x0000000020000b2a        0x2 
 .bss.m_ticks_elapsed
                0x0000000020000b2c        0x8 _build/app_timer.o
 .bss.m_ticks_elapsed_q_read_ind
                0x0000000020000b34        0x1 _build/app_timer.o
 .bss.m_ticks_elapsed_q_write_ind
                0x0000000020000b35        0x1 _build/app_timer.o
 *fill*         0x0000000020000b36        0x2 
 .bss.m_ticks_latest
                0x0000000020000b38        0x4 _build/app_timer.o
 .bss.mp_timer_id_head
                0x0000000020000b3c        0x4 _build/app_timer.o
 .bss.m_in_critical_region
                0x0000000020000b40        0x4 _build/app_util_platform.o
 .bss.m_host_present
                0x0000000020000b44        0x1 _build/nrf_log_backend_rtt.o
 .bss.m_string_buff
                0x0000000020000b45       0x40 _build/nrf_log_backend_rtt.o
 *fill*         0x0000000020000b85        0x3 
 .bss.log_mempool_nrf_balloc_cb
                0x0000000020000b88        0x8 _build/nrf_log_frontend.o
 .bss.log_mempool_nrf_balloc_pool_mem
                0x0000000020000b90       0xc0 _build/nrf_log_frontend.o
 .bss.log_mempool_nrf_balloc_pool_stack
                0x0000000020000c50        0x8 _build/nrf_log_frontend.o
 .bss.m_log_data
                0x0000000020000c58      0x424 _build/nrf_log_frontend.o
 .bss.m_cb      0x000000002000107c       0x5c _build/nrfx_gpiote.o
 .bss.m_prs_box_4
                0x00000000200010d8        0x8 _build/nrfx_prs.o
 .bss.m_cb      0x00000000200010e0       0x30 _build/nrfx_saadc.o
 .bss.m_cb      0x0000000020001110       0x24 _build/nrfx_spim.o
 .bss.m_cb      0x0000000020001134       0x18 _build/nrfx_timer.o
 .bss.m_cb      0x000000002000114c       0x34 _build/nrfx_twim.o
 .bss._acDownBuffer
                0x0000000020001180       0x10 _build/SEGGER_RTT.o
 .bss._acUpBuffer
                0x0000000020001190      0x200 _build/SEGGER_RTT.o
 .bss.__malloc_current_mallinfo
                0x0000000020001390       0x28 /usr/bin/../lib/gcc/arm-none-eabi/7.3.1/../../../../arm-none-eabi/lib/thumb/v7e-m/fpv4-sp/hard/libc.a(lib_a-mallocr.o)
                0x0000000020001390                __malloc_current_mallinfo
 .bss.__malloc_max_sbrked_mem
                0x00000000200013b8        0x4 /usr/bin/../lib/gcc/arm-none-eabi/7.3.1/../../../../arm-none-eabi/lib/thumb/v7e-m/fpv4-sp/hard/libc.a(lib_a-mallocr.o)
                0x00000000200013b8                __malloc_max_sbrked_mem
 .bss.__malloc_max_total_mem
                0x00000000200013bc        0x4 /usr/bin/../lib/gcc/arm-none-eabi/7.3.1/../../../../arm-none-eabi/lib/thumb/v7e-m/fpv4-sp/hard/libc.a(lib_a-mallocr.o)
                0x00000000200013bc                __malloc_max_total_mem
 .bss.__malloc_top_pad
                0x00000000200013c0        0x4 /usr/bin/../lib/gcc/arm-none-eabi/7.3.1/../../../../arm-none-eabi/lib/thumb/v7e-m/fpv4-sp/hard/libc.a(lib_a-mallocr.o)
                0x00000000200013c0                __malloc_top_pad
 .bss.heap_end.5377
                0x00000000200013c4        0x4 /usr/bin/../lib/gcc/arm-none-eabi/7.3.1/../../../../arm-none-eabi/lib/thumb/v7e-m/fpv4-sp/hard/libnosys.a(sbrk.o)
 *(COMMON)
 COMMON         0x00000000200013c8       0x78 _build/SEGGER_RTT.o
                0x00000000200013c8                _SEGGER_RTT
 COMMON         0x0000000020001440       0x21 /usr/bin/../lib/gcc/arm-none-eabi/7.3.1/../../../../arm-none-eabi/lib/thumb/v7e-m/fpv4-sp/hard/libc.a(lib_a-lock.o)
                0x0000000020001440                __lock___atexit_recursive_mutex
                0x0000000020001444                __lock___arc4random_mutex
                0x0000000020001448                __lock___env_recursive_mutex
                0x000000002000144c                __lock___sinit_recursive_mutex
                0x0000000020001450                __lock___malloc_recursive_mutex
                0x0000000020001454                __lock___at_quick_exit_mutex
                0x0000000020001458                __lock___dd_hash_mutex
                0x000000002000145c                __lock___tz_mutex
                0x0000000020001460                __lock___sfp_recursive_mutex
 *fill*         0x0000000020001461        0x3 
 COMMON         0x0000000020001464        0x4 /usr/bin/../lib/gcc/arm-none-eabi/7.3.1/../../../../arm-none-eabi/lib/thumb/v7e-m/fpv4-sp/hard/libc.a(lib_a-reent.o)
                0x0000000020001464                errno
                0x0000000020001468                . = ALIGN (0x4)
                0x0000000020001468                __bss_end__ = .

.heap           0x0000000020001468     0x2000
                0x0000000020001468                __HeapBase = .
                0x0000000020001468                __end__ = .
                0x0000000020001468                PROVIDE (end = .)
 *(.heap*)
 .heap          0x0000000020001468     0x2000 _build/gcc_startup_nrf52.os
                0x0000000020003468                __HeapLimit = .

.stack_dummy    0x0000000020001468     0x2000
 *(.stack*)
 .stack         0x0000000020001468     0x2000 _build/gcc_startup_nrf52.os
                0x0000000020010000                __StackTop = (ORIGIN (RAM) + LENGTH (RAM))
                0x000000002000e000                __StackLimit = (__StackTop - SIZEOF (.stack_dummy))
                0x0000000020010000                PROVIDE (__stack = __StackTop)
                0x0000000000000001                ASSERT ((__StackLimit >= __HeapLimit), region RAM overflowed with stack)
                0x0000000000000a00                DataInitFlashUsed = (__bss_start__ - __data_start__)
                0x0000000000009d38                CodeFlashUsed = (__etext - ORIGIN (FLASH))
                0x000000000000a738                TotalFlashUsed = (CodeFlashUsed + DataInitFlashUsed)
                0x0000000000000001                ASSERT ((TotalFlashUsed <= LENGTH (FLASH)), region FLASH overflowed with .data and user data)
OUTPUT(_build/gpio_blank_sdk15_blank.elf elf32-littlearm)

.ARM.attributes
                0x0000000000000000       0x30
 .ARM.attributes
                0x0000000000000000       0x22 /usr/bin/../lib/gcc/arm-none-eabi/7.3.1/thumb/v7e-m/fpv4-sp/hard/crti.o
 .ARM.attributes
                0x0000000000000022       0x34 /usr/bin/../lib/gcc/arm-none-eabi/7.3.1/thumb/v7e-m/fpv4-sp/hard/crtbegin.o
 .ARM.attributes
                0x0000000000000056       0x20 /usr/bin/../lib/gcc/arm-none-eabi/7.3.1/../../../../arm-none-eabi/lib/thumb/v7e-m/fpv4-sp/hard/crt0.o
 .ARM.attributes
                0x0000000000000076       0x39 _build/gpio.o
 .ARM.attributes
                0x00000000000000af       0x39 _build/main.o
 .ARM.attributes
                0x00000000000000e8       0x39 _build/better_error_handling.o
 .ARM.attributes
                0x0000000000000121       0x39 _build/app_error_handler_gcc.o
 .ARM.attributes
                0x000000000000015a       0x39 _build/app_timer.o
 .ARM.attributes
                0x0000000000000193       0x39 _build/app_util_platform.o
 .ARM.attributes
                0x00000000000001cc       0x39 _build/before_startup.o
 .ARM.attributes
                0x0000000000000205       0x39 _build/hardfault_handler_gcc.o
 .ARM.attributes
                0x000000000000023e       0x39 _build/hardfault_implementation.o
 .ARM.attributes
                0x0000000000000277       0x39 _build/nrf_assert.o
 .ARM.attributes
                0x00000000000002b0       0x39 _build/nrf_atomic.o
 .ARM.attributes
                0x00000000000002e9       0x39 _build/nrf_balloc.o
 .ARM.attributes
                0x0000000000000322       0x39 _build/nrf_fprintf.o
 .ARM.attributes
                0x000000000000035b       0x39 _build/nrf_fprintf_format.o
 .ARM.attributes
                0x0000000000000394       0x39 _build/nrf_log_backend_rtt.o
 .ARM.attributes
                0x00000000000003cd       0x39 _build/nrf_log_backend_serial.o
 .ARM.attributes
                0x0000000000000406       0x39 _build/nrf_log_default_backends.o
 .ARM.attributes
                0x000000000000043f       0x39 _build/nrf_log_frontend.o
 .ARM.attributes
                0x0000000000000478       0x39 _build/nrf_log_str_formatter.o
 .ARM.attributes
                0x00000000000004b1       0x39 _build/nrf_pwr_mgmt.o
 .ARM.attributes
                0x00000000000004ea       0x39 _build/nrf_memobj.o
 .ARM.attributes
                0x0000000000000523       0x39 _build/nrf_strerror.o
 .ARM.attributes
                0x000000000000055c       0x39 _build/nrfx_gpiote.o
 .ARM.attributes
                0x0000000000000595       0x39 _build/nrfx_prs.o
 .ARM.attributes
                0x00000000000005ce       0x39 _build/nrfx_saadc.o
 .ARM.attributes
                0x0000000000000607       0x39 _build/nrfx_spim.o
 .ARM.attributes
                0x0000000000000640       0x39 _build/nrfx_timer.o
 .ARM.attributes
                0x0000000000000679       0x39 _build/nrfx_twim.o
 .ARM.attributes
                0x00000000000006b2       0x39 _build/nrfx_uart.o
 .ARM.attributes
                0x00000000000006eb       0x39 _build/nrfx_uarte.o
 .ARM.attributes
                0x0000000000000724       0x39 _build/SEGGER_RTT.o
 .ARM.attributes
                0x000000000000075d       0x39 _build/SEGGER_RTT_Syscalls_GCC.o
 .ARM.attributes
                0x0000000000000796       0x39 _build/system_nrf52.o
 .ARM.attributes
                0x00000000000007cf       0x1c _build/gcc_startup_nrf52.os
 .ARM.attributes
                0x00000000000007eb       0x34 /usr/bin/../lib/gcc/arm-none-eabi/7.3.1/../../../../arm-none-eabi/lib/thumb/v7e-m/fpv4-sp/hard/libc.a(lib_a-exit.o)
 .ARM.attributes
                0x000000000000081f       0x34 /usr/bin/../lib/gcc/arm-none-eabi/7.3.1/../../../../arm-none-eabi/lib/thumb/v7e-m/fpv4-sp/hard/libc.a(lib_a-impure.o)
 .ARM.attributes
                0x0000000000000853       0x34 /usr/bin/../lib/gcc/arm-none-eabi/7.3.1/../../../../arm-none-eabi/lib/thumb/v7e-m/fpv4-sp/hard/libc.a(lib_a-init.o)
 .ARM.attributes
                0x0000000000000887       0x34 /usr/bin/../lib/gcc/arm-none-eabi/7.3.1/../../../../arm-none-eabi/lib/thumb/v7e-m/fpv4-sp/hard/libc.a(lib_a-locale.o)
 .ARM.attributes
                0x00000000000008bb       0x34 /usr/bin/../lib/gcc/arm-none-eabi/7.3.1/../../../../arm-none-eabi/lib/thumb/v7e-m/fpv4-sp/hard/libc.a(lib_a-mbtowc_r.o)
 .ARM.attributes
                0x00000000000008ef       0x20 /usr/bin/../lib/gcc/arm-none-eabi/7.3.1/../../../../arm-none-eabi/lib/thumb/v7e-m/fpv4-sp/hard/libc.a(lib_a-memcpy.o)
 .ARM.attributes
                0x000000000000090f       0x34 /usr/bin/../lib/gcc/arm-none-eabi/7.3.1/../../../../arm-none-eabi/lib/thumb/v7e-m/fpv4-sp/hard/libc.a(lib_a-memset.o)
 .ARM.attributes
                0x0000000000000943       0x34 /usr/bin/../lib/gcc/arm-none-eabi/7.3.1/../../../../arm-none-eabi/lib/thumb/v7e-m/fpv4-sp/hard/libc.a(lib_a-printf.o)
 .ARM.attributes
                0x0000000000000977       0x34 /usr/bin/../lib/gcc/arm-none-eabi/7.3.1/../../../../arm-none-eabi/lib/thumb/v7e-m/fpv4-sp/hard/libc.a(lib_a-puts.o)
 .ARM.attributes
                0x00000000000009ab       0x34 /usr/bin/../lib/gcc/arm-none-eabi/7.3.1/../../../../arm-none-eabi/lib/thumb/v7e-m/fpv4-sp/hard/libc.a(lib_a-setbuf.o)
 .ARM.attributes
                0x00000000000009df       0x34 /usr/bin/../lib/gcc/arm-none-eabi/7.3.1/../../../../arm-none-eabi/lib/thumb/v7e-m/fpv4-sp/hard/libc.a(lib_a-setvbuf.o)
 .ARM.attributes
                0x0000000000000a13       0x34 /usr/bin/../lib/gcc/arm-none-eabi/7.3.1/../../../../arm-none-eabi/lib/thumb/v7e-m/fpv4-sp/hard/libc.a(lib_a-strcpy.o)
 .ARM.attributes
                0x0000000000000a47       0x20 /usr/bin/../lib/gcc/arm-none-eabi/7.3.1/../../../../arm-none-eabi/lib/thumb/v7e-m/fpv4-sp/hard/libc.a(lib_a-strlen.o)
 .ARM.attributes
                0x0000000000000a67       0x34 /usr/bin/../lib/gcc/arm-none-eabi/7.3.1/../../../../arm-none-eabi/lib/thumb/v7e-m/fpv4-sp/hard/libc.a(lib_a-vfprintf.o)
 .ARM.attributes
                0x0000000000000a9b       0x34 /usr/bin/../lib/gcc/arm-none-eabi/7.3.1/../../../../arm-none-eabi/lib/thumb/v7e-m/fpv4-sp/hard/libc.a(lib_a-wctomb_r.o)
 .ARM.attributes
                0x0000000000000acf       0x34 /usr/bin/../lib/gcc/arm-none-eabi/7.3.1/../../../../arm-none-eabi/lib/thumb/v7e-m/fpv4-sp/hard/libc.a(lib_a-wsetup.o)
 .ARM.attributes
                0x0000000000000b03       0x34 /usr/bin/../lib/gcc/arm-none-eabi/7.3.1/../../../../arm-none-eabi/lib/thumb/v7e-m/fpv4-sp/hard/libc.a(lib_a-__call_atexit.o)
 .ARM.attributes
                0x0000000000000b37       0x34 /usr/bin/../lib/gcc/arm-none-eabi/7.3.1/../../../../arm-none-eabi/lib/thumb/v7e-m/fpv4-sp/hard/libc.a(lib_a-atexit.o)
 .ARM.attributes
                0x0000000000000b6b       0x34 /usr/bin/../lib/gcc/arm-none-eabi/7.3.1/../../../../arm-none-eabi/lib/thumb/v7e-m/fpv4-sp/hard/libc.a(lib_a-ctype_.o)
 .ARM.attributes
                0x0000000000000b9f       0x34 /usr/bin/../lib/gcc/arm-none-eabi/7.3.1/../../../../arm-none-eabi/lib/thumb/v7e-m/fpv4-sp/hard/libc.a(lib_a-dtoa.o)
 .ARM.attributes
                0x0000000000000bd3       0x34 /usr/bin/../lib/gcc/arm-none-eabi/7.3.1/../../../../arm-none-eabi/lib/thumb/v7e-m/fpv4-sp/hard/libc.a(lib_a-fflush.o)
 .ARM.attributes
                0x0000000000000c07       0x34 /usr/bin/../lib/gcc/arm-none-eabi/7.3.1/../../../../arm-none-eabi/lib/thumb/v7e-m/fpv4-sp/hard/libc.a(lib_a-findfp.o)
 .ARM.attributes
                0x0000000000000c3b       0x34 /usr/bin/../lib/gcc/arm-none-eabi/7.3.1/../../../../arm-none-eabi/lib/thumb/v7e-m/fpv4-sp/hard/libc.a(lib_a-fini.o)
 .ARM.attributes
                0x0000000000000c6f       0x34 /usr/bin/../lib/gcc/arm-none-eabi/7.3.1/../../../../arm-none-eabi/lib/thumb/v7e-m/fpv4-sp/hard/libc.a(lib_a-freer.o)
 .ARM.attributes
                0x0000000000000ca3       0x34 /usr/bin/../lib/gcc/arm-none-eabi/7.3.1/../../../../arm-none-eabi/lib/thumb/v7e-m/fpv4-sp/hard/libc.a(lib_a-fvwrite.o)
 .ARM.attributes
                0x0000000000000cd7       0x34 /usr/bin/../lib/gcc/arm-none-eabi/7.3.1/../../../../arm-none-eabi/lib/thumb/v7e-m/fpv4-sp/hard/libc.a(lib_a-fwalk.o)
 .ARM.attributes
                0x0000000000000d0b       0x34 /usr/bin/../lib/gcc/arm-none-eabi/7.3.1/../../../../arm-none-eabi/lib/thumb/v7e-m/fpv4-sp/hard/libc.a(lib_a-localeconv.o)
 .ARM.attributes
                0x0000000000000d3f       0x34 /usr/bin/../lib/gcc/arm-none-eabi/7.3.1/../../../../arm-none-eabi/lib/thumb/v7e-m/fpv4-sp/hard/libc.a(lib_a-lock.o)
 .ARM.attributes
                0x0000000000000d73       0x34 /usr/bin/../lib/gcc/arm-none-eabi/7.3.1/../../../../arm-none-eabi/lib/thumb/v7e-m/fpv4-sp/hard/libc.a(lib_a-makebuf.o)
 .ARM.attributes
                0x0000000000000da7       0x34 /usr/bin/../lib/gcc/arm-none-eabi/7.3.1/../../../../arm-none-eabi/lib/thumb/v7e-m/fpv4-sp/hard/libc.a(lib_a-malloc.o)
 .ARM.attributes
                0x0000000000000ddb       0x34 /usr/bin/../lib/gcc/arm-none-eabi/7.3.1/../../../../arm-none-eabi/lib/thumb/v7e-m/fpv4-sp/hard/libc.a(lib_a-mallocr.o)
 .ARM.attributes
                0x0000000000000e0f       0x20 /usr/bin/../lib/gcc/arm-none-eabi/7.3.1/../../../../arm-none-eabi/lib/thumb/v7e-m/fpv4-sp/hard/libc.a(lib_a-memchr.o)
 .ARM.attributes
                0x0000000000000e2f       0x34 /usr/bin/../lib/gcc/arm-none-eabi/7.3.1/../../../../arm-none-eabi/lib/thumb/v7e-m/fpv4-sp/hard/libc.a(lib_a-memmove.o)
 .ARM.attributes
                0x0000000000000e63       0x34 /usr/bin/../lib/gcc/arm-none-eabi/7.3.1/../../../../arm-none-eabi/lib/thumb/v7e-m/fpv4-sp/hard/libc.a(lib_a-mlock.o)
 .ARM.attributes
                0x0000000000000e97       0x34 /usr/bin/../lib/gcc/arm-none-eabi/7.3.1/../../../../arm-none-eabi/lib/thumb/v7e-m/fpv4-sp/hard/libc.a(lib_a-mprec.o)
 .ARM.attributes
                0x0000000000000ecb       0x34 /usr/bin/../lib/gcc/arm-none-eabi/7.3.1/../../../../arm-none-eabi/lib/thumb/v7e-m/fpv4-sp/hard/libc.a(lib_a-reallocr.o)
 .ARM.attributes
                0x0000000000000eff       0x34 /usr/bin/../lib/gcc/arm-none-eabi/7.3.1/../../../../arm-none-eabi/lib/thumb/v7e-m/fpv4-sp/hard/libc.a(lib_a-s_frexp.o)
 .ARM.attributes
                0x0000000000000f33       0x34 /usr/bin/../lib/gcc/arm-none-eabi/7.3.1/../../../../arm-none-eabi/lib/thumb/v7e-m/fpv4-sp/hard/libc.a(lib_a-sbrkr.o)
 .ARM.attributes
                0x0000000000000f67       0x34 /usr/bin/../lib/gcc/arm-none-eabi/7.3.1/../../../../arm-none-eabi/lib/thumb/v7e-m/fpv4-sp/hard/libc.a(lib_a-stdio.o)
 .ARM.attributes
                0x0000000000000f9b       0x34 /usr/bin/../lib/gcc/arm-none-eabi/7.3.1/../../../../arm-none-eabi/lib/thumb/v7e-m/fpv4-sp/hard/libc.a(lib_a-strncpy.o)
 .ARM.attributes
                0x0000000000000fcf       0x34 /usr/bin/../lib/gcc/arm-none-eabi/7.3.1/../../../../arm-none-eabi/lib/thumb/v7e-m/fpv4-sp/hard/libc.a(lib_a-vfiprintf.o)
 .ARM.attributes
                0x0000000000001003       0x34 /usr/bin/../lib/gcc/arm-none-eabi/7.3.1/../../../../arm-none-eabi/lib/thumb/v7e-m/fpv4-sp/hard/libc.a(lib_a-__atexit.o)
 .ARM.attributes
                0x0000000000001037       0x34 /usr/bin/../lib/gcc/arm-none-eabi/7.3.1/../../../../arm-none-eabi/lib/thumb/v7e-m/fpv4-sp/hard/libc.a(lib_a-callocr.o)
 .ARM.attributes
                0x000000000000106b       0x34 /usr/bin/../lib/gcc/arm-none-eabi/7.3.1/../../../../arm-none-eabi/lib/thumb/v7e-m/fpv4-sp/hard/libc.a(lib_a-closer.o)
 .ARM.attributes
                0x000000000000109f       0x34 /usr/bin/../lib/gcc/arm-none-eabi/7.3.1/../../../../arm-none-eabi/lib/thumb/v7e-m/fpv4-sp/hard/libc.a(lib_a-fclose.o)
 .ARM.attributes
                0x00000000000010d3       0x34 /usr/bin/../lib/gcc/arm-none-eabi/7.3.1/../../../../arm-none-eabi/lib/thumb/v7e-m/fpv4-sp/hard/libc.a(lib_a-fputwc.o)
 .ARM.attributes
                0x0000000000001107       0x34 /usr/bin/../lib/gcc/arm-none-eabi/7.3.1/../../../../arm-none-eabi/lib/thumb/v7e-m/fpv4-sp/hard/libc.a(lib_a-fstatr.o)
 .ARM.attributes
                0x000000000000113b       0x34 /usr/bin/../lib/gcc/arm-none-eabi/7.3.1/../../../../arm-none-eabi/lib/thumb/v7e-m/fpv4-sp/hard/libc.a(lib_a-isattyr.o)
 .ARM.attributes
                0x000000000000116f       0x34 /usr/bin/../lib/gcc/arm-none-eabi/7.3.1/../../../../arm-none-eabi/lib/thumb/v7e-m/fpv4-sp/hard/libc.a(lib_a-lseekr.o)
 .ARM.attributes
                0x00000000000011a3       0x34 /usr/bin/../lib/gcc/arm-none-eabi/7.3.1/../../../../arm-none-eabi/lib/thumb/v7e-m/fpv4-sp/hard/libc.a(lib_a-readr.o)
 .ARM.attributes
                0x00000000000011d7       0x34 /usr/bin/../lib/gcc/arm-none-eabi/7.3.1/../../../../arm-none-eabi/lib/thumb/v7e-m/fpv4-sp/hard/libc.a(lib_a-reent.o)
 .ARM.attributes
                0x000000000000120b       0x34 /usr/bin/../lib/gcc/arm-none-eabi/7.3.1/../../../../arm-none-eabi/lib/thumb/v7e-m/fpv4-sp/hard/libc.a(lib_a-wbuf.o)
 .ARM.attributes
                0x000000000000123f       0x34 /usr/bin/../lib/gcc/arm-none-eabi/7.3.1/../../../../arm-none-eabi/lib/thumb/v7e-m/fpv4-sp/hard/libc.a(lib_a-wcrtomb.o)
 .ARM.attributes
                0x0000000000001273       0x34 /usr/bin/../lib/gcc/arm-none-eabi/7.3.1/../../../../arm-none-eabi/lib/thumb/v7e-m/fpv4-sp/hard/libnosys.a(close.o)
 .ARM.attributes
                0x00000000000012a7       0x34 /usr/bin/../lib/gcc/arm-none-eabi/7.3.1/../../../../arm-none-eabi/lib/thumb/v7e-m/fpv4-sp/hard/libnosys.a(fstat.o)
 .ARM.attributes
                0x00000000000012db       0x34 /usr/bin/../lib/gcc/arm-none-eabi/7.3.1/../../../../arm-none-eabi/lib/thumb/v7e-m/fpv4-sp/hard/libnosys.a(isatty.o)
 .ARM.attributes
                0x000000000000130f       0x34 /usr/bin/../lib/gcc/arm-none-eabi/7.3.1/../../../../arm-none-eabi/lib/thumb/v7e-m/fpv4-sp/hard/libnosys.a(lseek.o)
 .ARM.attributes
                0x0000000000001343       0x34 /usr/bin/../lib/gcc/arm-none-eabi/7.3.1/../../../../arm-none-eabi/lib/thumb/v7e-m/fpv4-sp/hard/libnosys.a(read.o)
 .ARM.attributes
                0x0000000000001377       0x34 /usr/bin/../lib/gcc/arm-none-eabi/7.3.1/../../../../arm-none-eabi/lib/thumb/v7e-m/fpv4-sp/hard/libnosys.a(sbrk.o)
 .ARM.attributes
                0x00000000000013ab       0x34 /usr/bin/../lib/gcc/arm-none-eabi/7.3.1/../../../../arm-none-eabi/lib/thumb/v7e-m/fpv4-sp/hard/libnosys.a(_exit.o)
 .ARM.attributes
                0x00000000000013df       0x22 /usr/bin/../lib/gcc/arm-none-eabi/7.3.1/thumb/v7e-m/fpv4-sp/hard/libgcc.a(_arm_addsubdf3.o)
 .ARM.attributes
                0x0000000000001401       0x22 /usr/bin/../lib/gcc/arm-none-eabi/7.3.1/thumb/v7e-m/fpv4-sp/hard/libgcc.a(_arm_muldivdf3.o)
 .ARM.attributes
                0x0000000000001423       0x22 /usr/bin/../lib/gcc/arm-none-eabi/7.3.1/thumb/v7e-m/fpv4-sp/hard/libgcc.a(_arm_cmpdf2.o)
 .ARM.attributes
                0x0000000000001445       0x22 /usr/bin/../lib/gcc/arm-none-eabi/7.3.1/thumb/v7e-m/fpv4-sp/hard/libgcc.a(_arm_unorddf2.o)
 .ARM.attributes
                0x0000000000001467       0x22 /usr/bin/../lib/gcc/arm-none-eabi/7.3.1/thumb/v7e-m/fpv4-sp/hard/libgcc.a(_arm_fixdfsi.o)
 .ARM.attributes
                0x0000000000001489       0x22 /usr/bin/../lib/gcc/arm-none-eabi/7.3.1/thumb/v7e-m/fpv4-sp/hard/libgcc.a(_aeabi_uldivmod.o)
 .ARM.attributes
                0x00000000000014ab       0x34 /usr/bin/../lib/gcc/arm-none-eabi/7.3.1/thumb/v7e-m/fpv4-sp/hard/libgcc.a(_udivmoddi4.o)
 .ARM.attributes
                0x00000000000014df       0x22 /usr/bin/../lib/gcc/arm-none-eabi/7.3.1/thumb/v7e-m/fpv4-sp/hard/libgcc.a(_dvmd_tls.o)
 .ARM.attributes
                0x0000000000001501       0x34 /usr/bin/../lib/gcc/arm-none-eabi/7.3.1/thumb/v7e-m/fpv4-sp/hard/crtend.o
 .ARM.attributes
                0x0000000000001535       0x22 /usr/bin/../lib/gcc/arm-none-eabi/7.3.1/thumb/v7e-m/fpv4-sp/hard/crtn.o

.comment        0x0000000000000000       0x7f
 .comment       0x0000000000000000       0x7f _build/gpio.o
                                         0x80 (size before relaxing)
 .comment       0x000000000000007f       0x80 _build/main.o
 .comment       0x000000000000007f       0x80 _build/better_error_handling.o
 .comment       0x000000000000007f       0x80 _build/app_error_handler_gcc.o
 .comment       0x000000000000007f       0x80 _build/app_timer.o
 .comment       0x000000000000007f       0x80 _build/app_util_platform.o
 .comment       0x000000000000007f       0x80 _build/before_startup.o
 .comment       0x000000000000007f       0x80 _build/hardfault_handler_gcc.o
 .comment       0x000000000000007f       0x80 _build/hardfault_implementation.o
 .comment       0x000000000000007f       0x80 _build/nrf_assert.o
 .comment       0x000000000000007f       0x80 _build/nrf_atomic.o
 .comment       0x000000000000007f       0x80 _build/nrf_balloc.o
 .comment       0x000000000000007f       0x80 _build/nrf_fprintf.o
 .comment       0x000000000000007f       0x80 _build/nrf_fprintf_format.o
 .comment       0x000000000000007f       0x80 _build/nrf_log_backend_rtt.o
 .comment       0x000000000000007f       0x80 _build/nrf_log_backend_serial.o
 .comment       0x000000000000007f       0x80 _build/nrf_log_default_backends.o
 .comment       0x000000000000007f       0x80 _build/nrf_log_frontend.o
 .comment       0x000000000000007f       0x80 _build/nrf_log_str_formatter.o
 .comment       0x000000000000007f       0x80 _build/nrf_pwr_mgmt.o
 .comment       0x000000000000007f       0x80 _build/nrf_memobj.o
 .comment       0x000000000000007f       0x80 _build/nrf_strerror.o
 .comment       0x000000000000007f       0x80 _build/nrfx_gpiote.o
 .comment       0x000000000000007f       0x80 _build/nrfx_prs.o
 .comment       0x000000000000007f       0x80 _build/nrfx_saadc.o
 .comment       0x000000000000007f       0x80 _build/nrfx_spim.o
 .comment       0x000000000000007f       0x80 _build/nrfx_timer.o
 .comment       0x000000000000007f       0x80 _build/nrfx_twim.o
 .comment       0x000000000000007f       0x80 _build/nrfx_uart.o
 .comment       0x000000000000007f       0x80 _build/nrfx_uarte.o
 .comment       0x000000000000007f       0x80 _build/SEGGER_RTT.o
 .comment       0x000000000000007f       0x80 _build/SEGGER_RTT_Syscalls_GCC.o
 .comment       0x000000000000007f       0x80 _build/system_nrf52.o

.debug_frame    0x0000000000000000     0x14e0
 .debug_frame   0x0000000000000000       0x28 /usr/bin/../lib/gcc/arm-none-eabi/7.3.1/../../../../arm-none-eabi/lib/thumb/v7e-m/fpv4-sp/hard/libc.a(lib_a-exit.o)
 .debug_frame   0x0000000000000028       0x2c /usr/bin/../lib/gcc/arm-none-eabi/7.3.1/../../../../arm-none-eabi/lib/thumb/v7e-m/fpv4-sp/hard/libc.a(lib_a-init.o)
 .debug_frame   0x0000000000000054       0x6c /usr/bin/../lib/gcc/arm-none-eabi/7.3.1/../../../../arm-none-eabi/lib/thumb/v7e-m/fpv4-sp/hard/libc.a(lib_a-locale.o)
 .debug_frame   0x00000000000000c0       0x4c /usr/bin/../lib/gcc/arm-none-eabi/7.3.1/../../../../arm-none-eabi/lib/thumb/v7e-m/fpv4-sp/hard/libc.a(lib_a-mbtowc_r.o)
 .debug_frame   0x000000000000010c       0x38 /usr/bin/../lib/gcc/arm-none-eabi/7.3.1/../../../../arm-none-eabi/lib/thumb/v7e-m/fpv4-sp/hard/libc.a(lib_a-memset.o)
 .debug_frame   0x0000000000000144       0x74 /usr/bin/../lib/gcc/arm-none-eabi/7.3.1/../../../../arm-none-eabi/lib/thumb/v7e-m/fpv4-sp/hard/libc.a(lib_a-printf.o)
 .debug_frame   0x00000000000001b8       0x4c /usr/bin/../lib/gcc/arm-none-eabi/7.3.1/../../../../arm-none-eabi/lib/thumb/v7e-m/fpv4-sp/hard/libc.a(lib_a-puts.o)
 .debug_frame   0x0000000000000204       0x20 /usr/bin/../lib/gcc/arm-none-eabi/7.3.1/../../../../arm-none-eabi/lib/thumb/v7e-m/fpv4-sp/hard/libc.a(lib_a-setbuf.o)
 .debug_frame   0x0000000000000224       0x44 /usr/bin/../lib/gcc/arm-none-eabi/7.3.1/../../../../arm-none-eabi/lib/thumb/v7e-m/fpv4-sp/hard/libc.a(lib_a-setvbuf.o)
 .debug_frame   0x0000000000000268       0x20 /usr/bin/../lib/gcc/arm-none-eabi/7.3.1/../../../../arm-none-eabi/lib/thumb/v7e-m/fpv4-sp/hard/libc.a(lib_a-strcpy.o)
 .debug_frame   0x0000000000000288       0x94 /usr/bin/../lib/gcc/arm-none-eabi/7.3.1/../../../../arm-none-eabi/lib/thumb/v7e-m/fpv4-sp/hard/libc.a(lib_a-vfprintf.o)